Archive member included to satisfy reference by file (symbol)

c:/program files/atmel/studio/7.0/toolchain/avr8/avr8-gnu-toolchain/bin/../lib/gcc/avr/5.4.0/../../../../avr/lib/avrxmega2\libm.a(cmpsf2.o)
                              BH1750.o (__ltsf2)
c:/program files/atmel/studio/7.0/toolchain/avr8/avr8-gnu-toolchain/bin/../lib/gcc/avr/5.4.0/../../../../avr/lib/avrxmega2\libm.a(fixunssfsi.o)
                              BH1750.o (__fixunssfsi)
c:/program files/atmel/studio/7.0/toolchain/avr8/avr8-gnu-toolchain/bin/../lib/gcc/avr/5.4.0/../../../../avr/lib/avrxmega2\libm.a(fp_cmp.o)
                              c:/program files/atmel/studio/7.0/toolchain/avr8/avr8-gnu-toolchain/bin/../lib/gcc/avr/5.4.0/../../../../avr/lib/avrxmega2\libm.a(cmpsf2.o) (__fp_cmp)
c:/program files/atmel/studio/7.0/toolchain/avr8/avr8-gnu-toolchain/bin/../lib/gcc/avr/5.4.0/../../../../avr/lib/avrxmega2\libm.a(fp_split3.o)
                              c:/program files/atmel/studio/7.0/toolchain/avr8/avr8-gnu-toolchain/bin/../lib/gcc/avr/5.4.0/../../../../avr/lib/avrxmega2\libm.a(fixunssfsi.o) (__fp_splitA)
c:/program files/atmel/studio/7.0/toolchain/avr8/avr8-gnu-toolchain/bin/../lib/gcc/avr/5.4.0/../../../../avr/lib/avrxmega2\libm.a(fp_zero.o)
                              c:/program files/atmel/studio/7.0/toolchain/avr8/avr8-gnu-toolchain/bin/../lib/gcc/avr/5.4.0/../../../../avr/lib/avrxmega2\libm.a(fixunssfsi.o) (__fp_zero)
c:/program files/atmel/studio/7.0/toolchain/avr8/avr8-gnu-toolchain/bin/../lib/gcc/avr/5.4.0/../../../../avr/lib/avrxmega2\libm.a(gesf2.o)
                              BH1750.o (__gtsf2)
c:/program files/atmel/studio/7.0/toolchain/avr8/avr8-gnu-toolchain/bin/../lib/gcc/avr/5.4.0/../../../../avr/lib/avrxmega2\libm.a(mulsf3.o)
                              BH1750.o (__mulsf3)
c:/program files/atmel/studio/7.0/toolchain/avr8/avr8-gnu-toolchain/bin/../lib/gcc/avr/5.4.0/../../../../avr/lib/avrxmega2\libm.a(mulsf3x.o)
                              c:/program files/atmel/studio/7.0/toolchain/avr8/avr8-gnu-toolchain/bin/../lib/gcc/avr/5.4.0/../../../../avr/lib/avrxmega2\libm.a(mulsf3.o) (__mulsf3x)
c:/program files/atmel/studio/7.0/toolchain/avr8/avr8-gnu-toolchain/bin/../lib/gcc/avr/5.4.0/../../../../avr/lib/avrxmega2\libm.a(fp_inf.o)
                              c:/program files/atmel/studio/7.0/toolchain/avr8/avr8-gnu-toolchain/bin/../lib/gcc/avr/5.4.0/../../../../avr/lib/avrxmega2\libm.a(mulsf3x.o) (__fp_inf)
c:/program files/atmel/studio/7.0/toolchain/avr8/avr8-gnu-toolchain/bin/../lib/gcc/avr/5.4.0/../../../../avr/lib/avrxmega2\libm.a(fp_nan.o)
                              c:/program files/atmel/studio/7.0/toolchain/avr8/avr8-gnu-toolchain/bin/../lib/gcc/avr/5.4.0/../../../../avr/lib/avrxmega2\libm.a(mulsf3x.o) (__fp_nan)
c:/program files/atmel/studio/7.0/toolchain/avr8/avr8-gnu-toolchain/bin/../lib/gcc/avr/5.4.0/../../../../avr/lib/avrxmega2\libm.a(fp_pscA.o)
                              c:/program files/atmel/studio/7.0/toolchain/avr8/avr8-gnu-toolchain/bin/../lib/gcc/avr/5.4.0/../../../../avr/lib/avrxmega2\libm.a(mulsf3x.o) (__fp_pscA)
c:/program files/atmel/studio/7.0/toolchain/avr8/avr8-gnu-toolchain/bin/../lib/gcc/avr/5.4.0/../../../../avr/lib/avrxmega2\libm.a(fp_pscB.o)
                              c:/program files/atmel/studio/7.0/toolchain/avr8/avr8-gnu-toolchain/bin/../lib/gcc/avr/5.4.0/../../../../avr/lib/avrxmega2\libm.a(mulsf3x.o) (__fp_pscB)
c:/program files/atmel/studio/7.0/toolchain/avr8/avr8-gnu-toolchain/bin/../lib/gcc/avr/5.4.0/../../../../avr/lib/avrxmega2\libm.a(fp_round.o)
                              c:/program files/atmel/studio/7.0/toolchain/avr8/avr8-gnu-toolchain/bin/../lib/gcc/avr/5.4.0/../../../../avr/lib/avrxmega2\libm.a(mulsf3.o) (__fp_round)
c:/program files/atmel/studio/7.0/toolchain/avr8/avr8-gnu-toolchain/bin/../lib/gcc/avr/5.4.0/avrxmega2\libgcc.a(_exit.o)
                              C:/Program Files/Atmel/Studio/7.0/Packs/atmel/XMEGAD_DFP/1.0.32/gcc/dev/atxmega32d4/avrxmega2/crtatxmega32d4.o (exit)
c:/program files/atmel/studio/7.0/toolchain/avr8/avr8-gnu-toolchain/bin/../lib/gcc/avr/5.4.0/avrxmega2\libgcc.a(_copy_data.o)
                              com.o (__do_copy_data)
c:/program files/atmel/studio/7.0/toolchain/avr8/avr8-gnu-toolchain/bin/../lib/gcc/avr/5.4.0/avrxmega2\libgcc.a(_clear_bss.o)
                              src/ASF/common/services/sleepmgr/xmega/sleepmgr.o (__do_clear_bss)
c:/program files/atmel/studio/7.0/toolchain/avr8/avr8-gnu-toolchain/bin/../lib/gcc/avr/5.4.0/../../../../avr/lib/avrxmega2\libc.a(iob.o)
                              com.o (__iob)

Allocating common symbols
Common symbol       size              file

rtc_data            0x8               src/ASF/xmega/drivers/rtc/rtc.o
sleepmgr_locks      0x6               src/ASF/common/services/sleepmgr/xmega/sleepmgr.o
__iob               0x6               c:/program files/atmel/studio/7.0/toolchain/avr8/avr8-gnu-toolchain/bin/../lib/gcc/avr/5.4.0/../../../../avr/lib/avrxmega2\libc.a(iob.o)

Discarded input sections

 .data          0x00000000        0x0 C:/Program Files/Atmel/Studio/7.0/Packs/atmel/XMEGAD_DFP/1.0.32/gcc/dev/atxmega32d4/avrxmega2/crtatxmega32d4.o
 .bss           0x00000000        0x0 C:/Program Files/Atmel/Studio/7.0/Packs/atmel/XMEGAD_DFP/1.0.32/gcc/dev/atxmega32d4/avrxmega2/crtatxmega32d4.o
 .group         0x00000000        0x8 adc.o
 .group         0x00000000        0x8 adc.o
 .group         0x00000000        0x8 adc.o
 .group         0x00000000        0x8 adc.o
 .group         0x00000000        0x8 adc.o
 .group         0x00000000        0x8 adc.o
 .group         0x00000000        0x8 adc.o
 .group         0x00000000        0x8 adc.o
 .group         0x00000000        0x8 adc.o
 .group         0x00000000        0x8 adc.o
 .group         0x00000000        0x8 adc.o
 .group         0x00000000        0x8 adc.o
 .text          0x00000000        0x0 adc.o
 .data          0x00000000        0x0 adc.o
 .bss           0x00000000        0x0 adc.o
 .text.adc_getvalue
                0x00000000       0x66 adc.o
 .group         0x00000000        0x8 BH1750.o
 .group         0x00000000        0x8 BH1750.o
 .group         0x00000000        0x8 BH1750.o
 .group         0x00000000        0x8 BH1750.o
 .group         0x00000000        0x8 BH1750.o
 .group         0x00000000        0x8 BH1750.o
 .group         0x00000000        0x8 BH1750.o
 .group         0x00000000        0x8 BH1750.o
 .group         0x00000000        0x8 BH1750.o
 .group         0x00000000        0x8 BH1750.o
 .group         0x00000000        0x8 BH1750.o
 .group         0x00000000        0x8 BH1750.o
 .group         0x00000000        0x8 BH1750.o
 .group         0x00000000        0x8 BH1750.o
 .group         0x00000000        0x8 BH1750.o
 .group         0x00000000        0x8 BH1750.o
 .text          0x00000000        0x0 BH1750.o
 .data          0x00000000        0x0 BH1750.o
 .bss           0x00000000        0x0 BH1750.o
 .debug_macro   0x00000000      0xa5a BH1750.o
 .debug_macro   0x00000000       0x10 BH1750.o
 .debug_macro   0x00000000      0x1c9 BH1750.o
 .debug_macro   0x00000000      0x2fc BH1750.o
 .debug_macro   0x00000000       0x9e BH1750.o
 .debug_macro   0x00000000     0x3c48 BH1750.o
 .debug_macro   0x00000000       0x9a BH1750.o
 .debug_macro   0x00000000       0xf1 BH1750.o
 .debug_macro   0x00000000       0x34 BH1750.o
 .debug_macro   0x00000000       0x16 BH1750.o
 .debug_macro   0x00000000       0x18 BH1750.o
 .debug_macro   0x00000000       0x5e BH1750.o
 .group         0x00000000        0x8 com.o
 .group         0x00000000        0x8 com.o
 .group         0x00000000        0x8 com.o
 .group         0x00000000        0x8 com.o
 .group         0x00000000        0x8 com.o
 .group         0x00000000        0x8 com.o
 .group         0x00000000        0x8 com.o
 .group         0x00000000        0x8 com.o
 .group         0x00000000        0x8 com.o
 .group         0x00000000        0x8 com.o
 .group         0x00000000        0x8 com.o
 .group         0x00000000        0x8 com.o
 .group         0x00000000        0x8 com.o
 .group         0x00000000        0x8 com.o
 .group         0x00000000        0x8 com.o
 .group         0x00000000        0x8 com.o
 .group         0x00000000        0x8 com.o
 .group         0x00000000        0x8 com.o
 .group         0x00000000        0x8 com.o
 .group         0x00000000        0x8 com.o
 .group         0x00000000        0x8 com.o
 .group         0x00000000        0x8 com.o
 .group         0x00000000        0x8 com.o
 .group         0x00000000        0x8 com.o
 .group         0x00000000        0x8 com.o
 .group         0x00000000        0x8 com.o
 .group         0x00000000        0x8 com.o
 .group         0x00000000        0x8 com.o
 .group         0x00000000        0x8 com.o
 .group         0x00000000        0x8 com.o
 .group         0x00000000        0x8 com.o
 .group         0x00000000        0x8 com.o
 .group         0x00000000        0x8 com.o
 .group         0x00000000        0x8 com.o
 .group         0x00000000        0x8 com.o
 .group         0x00000000        0x8 com.o
 .group         0x00000000        0x8 com.o
 .group         0x00000000        0x8 com.o
 .group         0x00000000        0x8 com.o
 .group         0x00000000        0x8 com.o
 .text          0x00000000        0x0 com.o
 .data          0x00000000        0x0 com.o
 .bss           0x00000000        0x0 com.o
 .text.ioputchar
                0x00000000       0x28 com.o
 .data.mystdout
                0x00000000        0xe com.o
 .text.com_init
                0x00000000       0x66 com.o
 .text.com_putc
                0x00000000       0x5e com.o
 .text.com_getc
                0x00000000       0x36 com.o
 .text.com_enable
                0x00000000       0x18 com.o
 .text.com_disable
                0x00000000       0x18 com.o
 .debug_info    0x00000000      0x546 com.o
 .debug_abbrev  0x00000000      0x1b0 com.o
 .debug_loc     0x00000000      0x17c com.o
 .debug_aranges
                0x00000000       0x48 com.o
 .debug_ranges  0x00000000       0x38 com.o
 .debug_macro   0x00000000      0x231 com.o
 .debug_macro   0x00000000      0xa5a com.o
 .debug_macro   0x00000000       0x10 com.o
 .debug_macro   0x00000000      0x1c9 com.o
 .debug_macro   0x00000000      0x2fc com.o
 .debug_macro   0x00000000       0x9e com.o
 .debug_macro   0x00000000     0x3c48 com.o
 .debug_macro   0x00000000       0x9a com.o
 .debug_macro   0x00000000       0xf1 com.o
 .debug_macro   0x00000000       0x34 com.o
 .debug_macro   0x00000000       0x16 com.o
 .debug_macro   0x00000000       0x18 com.o
 .debug_macro   0x00000000       0x5e com.o
 .debug_macro   0x00000000       0x58 com.o
 .debug_macro   0x00000000       0x10 com.o
 .debug_macro   0x00000000       0x97 com.o
 .debug_macro   0x00000000       0xf2 com.o
 .debug_macro   0x00000000      0x64b com.o
 .debug_macro   0x00000000       0x1c com.o
 .debug_macro   0x00000000       0x10 com.o
 .debug_macro   0x00000000       0x22 com.o
 .debug_macro   0x00000000       0xf6 com.o
 .debug_macro   0x00000000       0x1c com.o
 .debug_macro   0x00000000       0x35 com.o
 .debug_macro   0x00000000       0x66 com.o
 .debug_macro   0x00000000       0x97 com.o
 .debug_macro   0x00000000       0x17 com.o
 .debug_macro   0x00000000      0x250 com.o
 .debug_macro   0x00000000       0x76 com.o
 .debug_macro   0x00000000       0x16 com.o
 .debug_macro   0x00000000      0x6e3 com.o
 .debug_macro   0x00000000       0x10 com.o
 .debug_macro   0x00000000      0x175 com.o
 .debug_macro   0x00000000       0x40 com.o
 .debug_macro   0x00000000       0x69 com.o
 .debug_macro   0x00000000       0x32 com.o
 .debug_macro   0x00000000       0xe4 com.o
 .debug_macro   0x00000000      0x2c0 com.o
 .debug_macro   0x00000000       0x68 com.o
 .debug_macro   0x00000000       0x2f com.o
 .debug_macro   0x00000000      0x13f com.o
 .debug_line    0x00000000      0x5e7 com.o
 .debug_str     0x00000000    0x2111e com.o
 .comment       0x00000000       0x31 com.o
 .debug_frame   0x00000000       0xd4 com.o
 .group         0x00000000        0x8 i2c.o
 .group         0x00000000        0x8 i2c.o
 .group         0x00000000        0x8 i2c.o
 .group         0x00000000        0x8 i2c.o
 .group         0x00000000        0x8 i2c.o
 .group         0x00000000        0x8 i2c.o
 .group         0x00000000        0x8 i2c.o
 .group         0x00000000        0x8 i2c.o
 .group         0x00000000        0x8 i2c.o
 .group         0x00000000        0x8 i2c.o
 .group         0x00000000        0x8 i2c.o
 .group         0x00000000        0x8 i2c.o
 .group         0x00000000        0x8 i2c.o
 .group         0x00000000        0x8 i2c.o
 .group         0x00000000        0x8 i2c.o
 .group         0x00000000        0x8 i2c.o
 .group         0x00000000        0x8 i2c.o
 .group         0x00000000        0x8 i2c.o
 .group         0x00000000        0x8 i2c.o
 .group         0x00000000        0x8 i2c.o
 .group         0x00000000        0x8 i2c.o
 .group         0x00000000        0x8 i2c.o
 .group         0x00000000        0x8 i2c.o
 .group         0x00000000        0x8 i2c.o
 .group         0x00000000        0x8 i2c.o
 .group         0x00000000        0x8 i2c.o
 .group         0x00000000        0x8 i2c.o
 .group         0x00000000        0x8 i2c.o
 .group         0x00000000        0x8 i2c.o
 .group         0x00000000        0x8 i2c.o
 .group         0x00000000        0x8 i2c.o
 .group         0x00000000        0x8 i2c.o
 .group         0x00000000        0x8 i2c.o
 .group         0x00000000        0x8 i2c.o
 .group         0x00000000        0x8 i2c.o
 .group         0x00000000        0x8 i2c.o
 .text          0x00000000        0x0 i2c.o
 .data          0x00000000        0x0 i2c.o
 .bss           0x00000000        0x0 i2c.o
 .text.i2c_write_byte
                0x00000000       0x6e i2c.o
 .text.i2c_write
                0x00000000       0xb4 i2c.o
 .text.i2c_read_byte
                0x00000000       0x8c i2c.o
 .debug_macro   0x00000000      0xa5a i2c.o
 .debug_macro   0x00000000       0x22 i2c.o
 .debug_macro   0x00000000      0x1c9 i2c.o
 .debug_macro   0x00000000      0x16d i2c.o
 .debug_macro   0x00000000       0x10 i2c.o
 .debug_macro   0x00000000       0x9e i2c.o
 .debug_macro   0x00000000     0x3c48 i2c.o
 .debug_macro   0x00000000       0x9a i2c.o
 .debug_macro   0x00000000       0xf1 i2c.o
 .debug_macro   0x00000000       0x34 i2c.o
 .debug_macro   0x00000000       0x16 i2c.o
 .debug_macro   0x00000000       0x18 i2c.o
 .debug_macro   0x00000000       0x5e i2c.o
 .debug_macro   0x00000000      0x64b i2c.o
 .debug_macro   0x00000000       0x1c i2c.o
 .debug_macro   0x00000000       0x10 i2c.o
 .debug_macro   0x00000000       0x1c i2c.o
 .debug_macro   0x00000000       0x35 i2c.o
 .debug_macro   0x00000000       0x66 i2c.o
 .debug_macro   0x00000000       0x97 i2c.o
 .debug_macro   0x00000000       0x17 i2c.o
 .debug_macro   0x00000000      0x250 i2c.o
 .debug_macro   0x00000000       0x76 i2c.o
 .debug_macro   0x00000000       0x16 i2c.o
 .debug_macro   0x00000000      0x6e3 i2c.o
 .debug_macro   0x00000000       0x10 i2c.o
 .debug_macro   0x00000000      0x175 i2c.o
 .debug_macro   0x00000000       0x40 i2c.o
 .debug_macro   0x00000000       0x69 i2c.o
 .debug_macro   0x00000000       0x32 i2c.o
 .debug_macro   0x00000000       0xe4 i2c.o
 .debug_macro   0x00000000      0x2c0 i2c.o
 .debug_macro   0x00000000       0x68 i2c.o
 .debug_macro   0x00000000       0x2f i2c.o
 .debug_macro   0x00000000      0x13f i2c.o
 .group         0x00000000        0x8 main.o
 .group         0x00000000        0x8 main.o
 .group         0x00000000        0x8 main.o
 .group         0x00000000        0x8 main.o
 .group         0x00000000        0x8 main.o
 .group         0x00000000        0x8 main.o
 .group         0x00000000        0x8 main.o
 .group         0x00000000        0x8 main.o
 .group         0x00000000        0x8 main.o
 .group         0x00000000        0x8 main.o
 .group         0x00000000        0x8 main.o
 .group         0x00000000        0x8 main.o
 .group         0x00000000        0x8 main.o
 .group         0x00000000        0x8 main.o
 .group         0x00000000        0x8 main.o
 .group         0x00000000        0x8 main.o
 .group         0x00000000        0x8 main.o
 .group         0x00000000        0x8 main.o
 .group         0x00000000        0x8 main.o
 .group         0x00000000        0x8 main.o
 .group         0x00000000        0x8 main.o
 .group         0x00000000        0x8 main.o
 .group         0x00000000        0x8 main.o
 .group         0x00000000        0x8 main.o
 .group         0x00000000        0x8 main.o
 .group         0x00000000        0x8 main.o
 .group         0x00000000        0x8 main.o
 .group         0x00000000        0x8 main.o
 .group         0x00000000        0x8 main.o
 .group         0x00000000        0x8 main.o
 .group         0x00000000        0x8 main.o
 .group         0x00000000        0x8 main.o
 .group         0x00000000        0x8 main.o
 .group         0x00000000        0x8 main.o
 .group         0x00000000        0x8 main.o
 .group         0x00000000        0x8 main.o
 .group         0x00000000        0x8 main.o
 .group         0x00000000        0x8 main.o
 .group         0x00000000        0x8 main.o
 .group         0x00000000        0x8 main.o
 .group         0x00000000        0x8 main.o
 .text          0x00000000        0x0 main.o
 .data          0x00000000        0x0 main.o
 .bss           0x00000000        0x0 main.o
 .debug_macro   0x00000000      0xa5a main.o
 .debug_macro   0x00000000       0x22 main.o
 .debug_macro   0x00000000       0x10 main.o
 .debug_macro   0x00000000      0x1c9 main.o
 .debug_macro   0x00000000      0x2fc main.o
 .debug_macro   0x00000000       0x9e main.o
 .debug_macro   0x00000000     0x3c48 main.o
 .debug_macro   0x00000000       0x9a main.o
 .debug_macro   0x00000000       0xf1 main.o
 .debug_macro   0x00000000       0x34 main.o
 .debug_macro   0x00000000       0x16 main.o
 .debug_macro   0x00000000       0x18 main.o
 .debug_macro   0x00000000       0x5e main.o
 .debug_macro   0x00000000      0x16d main.o
 .debug_macro   0x00000000       0x10 main.o
 .debug_macro   0x00000000      0x166 main.o
 .debug_macro   0x00000000       0x1c main.o
 .debug_macro   0x00000000       0x35 main.o
 .debug_macro   0x00000000      0x64b main.o
 .debug_macro   0x00000000       0x97 main.o
 .debug_macro   0x00000000       0x17 main.o
 .debug_macro   0x00000000      0x250 main.o
 .debug_macro   0x00000000       0x76 main.o
 .debug_macro   0x00000000       0x16 main.o
 .debug_macro   0x00000000      0x6e3 main.o
 .debug_macro   0x00000000       0x10 main.o
 .debug_macro   0x00000000      0x175 main.o
 .debug_macro   0x00000000       0x40 main.o
 .debug_macro   0x00000000       0x69 main.o
 .debug_macro   0x00000000       0x32 main.o
 .debug_macro   0x00000000       0xe4 main.o
 .debug_macro   0x00000000       0x1c main.o
 .debug_macro   0x00000000       0x68 main.o
 .debug_macro   0x00000000       0x2f main.o
 .debug_macro   0x00000000      0x13f main.o
 .group         0x00000000        0x8 src/ASF/common/boards/user_board/init.o
 .group         0x00000000        0x8 src/ASF/common/boards/user_board/init.o
 .group         0x00000000        0x8 src/ASF/common/boards/user_board/init.o
 .group         0x00000000        0x8 src/ASF/common/boards/user_board/init.o
 .group         0x00000000        0x8 src/ASF/common/boards/user_board/init.o
 .group         0x00000000        0x8 src/ASF/common/boards/user_board/init.o
 .group         0x00000000        0x8 src/ASF/common/boards/user_board/init.o
 .group         0x00000000        0x8 src/ASF/common/boards/user_board/init.o
 .group         0x00000000        0x8 src/ASF/common/boards/user_board/init.o
 .group         0x00000000        0x8 src/ASF/common/boards/user_board/init.o
 .group         0x00000000        0x8 src/ASF/common/boards/user_board/init.o
 .group         0x00000000        0x8 src/ASF/common/boards/user_board/init.o
 .group         0x00000000        0x8 src/ASF/common/boards/user_board/init.o
 .group         0x00000000        0x8 src/ASF/common/boards/user_board/init.o
 .group         0x00000000        0x8 src/ASF/common/boards/user_board/init.o
 .group         0x00000000        0x8 src/ASF/common/boards/user_board/init.o
 .group         0x00000000        0x8 src/ASF/common/boards/user_board/init.o
 .group         0x00000000        0x8 src/ASF/common/boards/user_board/init.o
 .group         0x00000000        0x8 src/ASF/common/boards/user_board/init.o
 .group         0x00000000        0x8 src/ASF/common/boards/user_board/init.o
 .group         0x00000000        0x8 src/ASF/common/boards/user_board/init.o
 .group         0x00000000        0x8 src/ASF/common/boards/user_board/init.o
 .group         0x00000000        0x8 src/ASF/common/boards/user_board/init.o
 .group         0x00000000        0x8 src/ASF/common/boards/user_board/init.o
 .group         0x00000000        0x8 src/ASF/common/boards/user_board/init.o
 .group         0x00000000        0x8 src/ASF/common/boards/user_board/init.o
 .group         0x00000000        0x8 src/ASF/common/boards/user_board/init.o
 .group         0x00000000        0x8 src/ASF/common/boards/user_board/init.o
 .group         0x00000000        0x8 src/ASF/common/boards/user_board/init.o
 .group         0x00000000        0x8 src/ASF/common/boards/user_board/init.o
 .group         0x00000000        0x8 src/ASF/common/boards/user_board/init.o
 .group         0x00000000        0x8 src/ASF/common/boards/user_board/init.o
 .group         0x00000000        0x8 src/ASF/common/boards/user_board/init.o
 .group         0x00000000        0x8 src/ASF/common/boards/user_board/init.o
 .group         0x00000000        0x8 src/ASF/common/boards/user_board/init.o
 .group         0x00000000        0x8 src/ASF/common/boards/user_board/init.o
 .group         0x00000000        0x8 src/ASF/common/boards/user_board/init.o
 .group         0x00000000        0x8 src/ASF/common/boards/user_board/init.o
 .group         0x00000000        0x8 src/ASF/common/boards/user_board/init.o
 .group         0x00000000        0x8 src/ASF/common/boards/user_board/init.o
 .text          0x00000000        0x0 src/ASF/common/boards/user_board/init.o
 .data          0x00000000        0x0 src/ASF/common/boards/user_board/init.o
 .bss           0x00000000        0x0 src/ASF/common/boards/user_board/init.o
 .text.board_init
                0x00000000       0x10 src/ASF/common/boards/user_board/init.o
 .debug_info    0x00000000       0xfb src/ASF/common/boards/user_board/init.o
 .debug_abbrev  0x00000000       0x8d src/ASF/common/boards/user_board/init.o
 .debug_loc     0x00000000       0x3b src/ASF/common/boards/user_board/init.o
 .debug_aranges
                0x00000000       0x20 src/ASF/common/boards/user_board/init.o
 .debug_ranges  0x00000000       0x10 src/ASF/common/boards/user_board/init.o
 .debug_macro   0x00000000      0x250 src/ASF/common/boards/user_board/init.o
 .debug_macro   0x00000000      0xa5a src/ASF/common/boards/user_board/init.o
 .debug_macro   0x00000000       0x10 src/ASF/common/boards/user_board/init.o
 .debug_macro   0x00000000      0x1c9 src/ASF/common/boards/user_board/init.o
 .debug_macro   0x00000000      0x2fc src/ASF/common/boards/user_board/init.o
 .debug_macro   0x00000000       0x9e src/ASF/common/boards/user_board/init.o
 .debug_macro   0x00000000     0x3c48 src/ASF/common/boards/user_board/init.o
 .debug_macro   0x00000000       0x9a src/ASF/common/boards/user_board/init.o
 .debug_macro   0x00000000       0xf1 src/ASF/common/boards/user_board/init.o
 .debug_macro   0x00000000       0x34 src/ASF/common/boards/user_board/init.o
 .debug_macro   0x00000000       0x16 src/ASF/common/boards/user_board/init.o
 .debug_macro   0x00000000       0x18 src/ASF/common/boards/user_board/init.o
 .debug_macro   0x00000000       0x5e src/ASF/common/boards/user_board/init.o
 .debug_macro   0x00000000       0x10 src/ASF/common/boards/user_board/init.o
 .debug_macro   0x00000000       0x22 src/ASF/common/boards/user_board/init.o
 .debug_macro   0x00000000      0x16d src/ASF/common/boards/user_board/init.o
 .debug_macro   0x00000000       0x1c src/ASF/common/boards/user_board/init.o
 .debug_macro   0x00000000       0x35 src/ASF/common/boards/user_board/init.o
 .debug_macro   0x00000000       0x66 src/ASF/common/boards/user_board/init.o
 .debug_macro   0x00000000      0x64b src/ASF/common/boards/user_board/init.o
 .debug_macro   0x00000000       0x97 src/ASF/common/boards/user_board/init.o
 .debug_macro   0x00000000       0x17 src/ASF/common/boards/user_board/init.o
 .debug_macro   0x00000000      0x250 src/ASF/common/boards/user_board/init.o
 .debug_macro   0x00000000       0x76 src/ASF/common/boards/user_board/init.o
 .debug_macro   0x00000000       0x16 src/ASF/common/boards/user_board/init.o
 .debug_macro   0x00000000      0x6e3 src/ASF/common/boards/user_board/init.o
 .debug_macro   0x00000000       0x10 src/ASF/common/boards/user_board/init.o
 .debug_macro   0x00000000      0x175 src/ASF/common/boards/user_board/init.o
 .debug_macro   0x00000000       0x40 src/ASF/common/boards/user_board/init.o
 .debug_macro   0x00000000       0x69 src/ASF/common/boards/user_board/init.o
 .debug_macro   0x00000000       0x32 src/ASF/common/boards/user_board/init.o
 .debug_macro   0x00000000       0xe4 src/ASF/common/boards/user_board/init.o
 .debug_macro   0x00000000       0x34 src/ASF/common/boards/user_board/init.o
 .debug_macro   0x00000000      0x2c6 src/ASF/common/boards/user_board/init.o
 .debug_macro   0x00000000       0x1c src/ASF/common/boards/user_board/init.o
 .debug_macro   0x00000000       0x42 src/ASF/common/boards/user_board/init.o
 .debug_macro   0x00000000       0x10 src/ASF/common/boards/user_board/init.o
 .debug_macro   0x00000000       0x1c src/ASF/common/boards/user_board/init.o
 .debug_macro   0x00000000       0x68 src/ASF/common/boards/user_board/init.o
 .debug_macro   0x00000000       0x2f src/ASF/common/boards/user_board/init.o
 .debug_macro   0x00000000      0x13f src/ASF/common/boards/user_board/init.o
 .debug_line    0x00000000      0x5dd src/ASF/common/boards/user_board/init.o
 .debug_str     0x00000000    0x20dce src/ASF/common/boards/user_board/init.o
 .comment       0x00000000       0x31 src/ASF/common/boards/user_board/init.o
 .debug_frame   0x00000000       0x34 src/ASF/common/boards/user_board/init.o
 .group         0x00000000        0x8 src/ASF/common/services/clock/xmega/sysclk.o
 .group         0x00000000        0x8 src/ASF/common/services/clock/xmega/sysclk.o
 .group         0x00000000        0x8 src/ASF/common/services/clock/xmega/sysclk.o
 .group         0x00000000        0x8 src/ASF/common/services/clock/xmega/sysclk.o
 .group         0x00000000        0x8 src/ASF/common/services/clock/xmega/sysclk.o
 .group         0x00000000        0x8 src/ASF/common/services/clock/xmega/sysclk.o
 .group         0x00000000        0x8 src/ASF/common/services/clock/xmega/sysclk.o
 .group         0x00000000        0x8 src/ASF/common/services/clock/xmega/sysclk.o
 .group         0x00000000        0x8 src/ASF/common/services/clock/xmega/sysclk.o
 .group         0x00000000        0x8 src/ASF/common/services/clock/xmega/sysclk.o
 .group         0x00000000        0x8 src/ASF/common/services/clock/xmega/sysclk.o
 .group         0x00000000        0x8 src/ASF/common/services/clock/xmega/sysclk.o
 .group         0x00000000        0x8 src/ASF/common/services/clock/xmega/sysclk.o
 .group         0x00000000        0x8 src/ASF/common/services/clock/xmega/sysclk.o
 .group         0x00000000        0x8 src/ASF/common/services/clock/xmega/sysclk.o
 .group         0x00000000        0x8 src/ASF/common/services/clock/xmega/sysclk.o
 .group         0x00000000        0x8 src/ASF/common/services/clock/xmega/sysclk.o
 .group         0x00000000        0x8 src/ASF/common/services/clock/xmega/sysclk.o
 .group         0x00000000        0x8 src/ASF/common/services/clock/xmega/sysclk.o
 .group         0x00000000        0x8 src/ASF/common/services/clock/xmega/sysclk.o
 .group         0x00000000        0x8 src/ASF/common/services/clock/xmega/sysclk.o
 .group         0x00000000        0x8 src/ASF/common/services/clock/xmega/sysclk.o
 .group         0x00000000        0x8 src/ASF/common/services/clock/xmega/sysclk.o
 .group         0x00000000        0x8 src/ASF/common/services/clock/xmega/sysclk.o
 .group         0x00000000        0x8 src/ASF/common/services/clock/xmega/sysclk.o
 .group         0x00000000        0x8 src/ASF/common/services/clock/xmega/sysclk.o
 .group         0x00000000        0x8 src/ASF/common/services/clock/xmega/sysclk.o
 .group         0x00000000        0x8 src/ASF/common/services/clock/xmega/sysclk.o
 .group         0x00000000        0x8 src/ASF/common/services/clock/xmega/sysclk.o
 .group         0x00000000        0x8 src/ASF/common/services/clock/xmega/sysclk.o
 .group         0x00000000        0x8 src/ASF/common/services/clock/xmega/sysclk.o
 .group         0x00000000        0x8 src/ASF/common/services/clock/xmega/sysclk.o
 .group         0x00000000        0x8 src/ASF/common/services/clock/xmega/sysclk.o
 .group         0x00000000        0x8 src/ASF/common/services/clock/xmega/sysclk.o
 .group         0x00000000        0x8 src/ASF/common/services/clock/xmega/sysclk.o
 .group         0x00000000        0x8 src/ASF/common/services/clock/xmega/sysclk.o
 .text          0x00000000        0x0 src/ASF/common/services/clock/xmega/sysclk.o
 .data          0x00000000        0x0 src/ASF/common/services/clock/xmega/sysclk.o
 .bss           0x00000000        0x0 src/ASF/common/services/clock/xmega/sysclk.o
 .debug_macro   0x00000000      0xa5a src/ASF/common/services/clock/xmega/sysclk.o
 .debug_macro   0x00000000       0x10 src/ASF/common/services/clock/xmega/sysclk.o
 .debug_macro   0x00000000      0x1c9 src/ASF/common/services/clock/xmega/sysclk.o
 .debug_macro   0x00000000      0x2fc src/ASF/common/services/clock/xmega/sysclk.o
 .debug_macro   0x00000000       0x9e src/ASF/common/services/clock/xmega/sysclk.o
 .debug_macro   0x00000000     0x3c48 src/ASF/common/services/clock/xmega/sysclk.o
 .debug_macro   0x00000000       0x9a src/ASF/common/services/clock/xmega/sysclk.o
 .debug_macro   0x00000000       0xf1 src/ASF/common/services/clock/xmega/sysclk.o
 .debug_macro   0x00000000       0x34 src/ASF/common/services/clock/xmega/sysclk.o
 .debug_macro   0x00000000       0x16 src/ASF/common/services/clock/xmega/sysclk.o
 .debug_macro   0x00000000       0x18 src/ASF/common/services/clock/xmega/sysclk.o
 .debug_macro   0x00000000       0x5e src/ASF/common/services/clock/xmega/sysclk.o
 .debug_macro   0x00000000       0x10 src/ASF/common/services/clock/xmega/sysclk.o
 .debug_macro   0x00000000       0x22 src/ASF/common/services/clock/xmega/sysclk.o
 .debug_macro   0x00000000      0x16d src/ASF/common/services/clock/xmega/sysclk.o
 .debug_macro   0x00000000       0x1c src/ASF/common/services/clock/xmega/sysclk.o
 .debug_macro   0x00000000       0x35 src/ASF/common/services/clock/xmega/sysclk.o
 .debug_macro   0x00000000       0x66 src/ASF/common/services/clock/xmega/sysclk.o
 .debug_macro   0x00000000      0x64b src/ASF/common/services/clock/xmega/sysclk.o
 .debug_macro   0x00000000       0x97 src/ASF/common/services/clock/xmega/sysclk.o
 .debug_macro   0x00000000       0x17 src/ASF/common/services/clock/xmega/sysclk.o
 .debug_macro   0x00000000      0x250 src/ASF/common/services/clock/xmega/sysclk.o
 .debug_macro   0x00000000       0x76 src/ASF/common/services/clock/xmega/sysclk.o
 .debug_macro   0x00000000       0x16 src/ASF/common/services/clock/xmega/sysclk.o
 .debug_macro   0x00000000      0x6e3 src/ASF/common/services/clock/xmega/sysclk.o
 .debug_macro   0x00000000       0x10 src/ASF/common/services/clock/xmega/sysclk.o
 .debug_macro   0x00000000      0x175 src/ASF/common/services/clock/xmega/sysclk.o
 .debug_macro   0x00000000       0x40 src/ASF/common/services/clock/xmega/sysclk.o
 .debug_macro   0x00000000       0x69 src/ASF/common/services/clock/xmega/sysclk.o
 .debug_macro   0x00000000       0x32 src/ASF/common/services/clock/xmega/sysclk.o
 .debug_macro   0x00000000       0xe4 src/ASF/common/services/clock/xmega/sysclk.o
 .debug_macro   0x00000000       0x1c src/ASF/common/services/clock/xmega/sysclk.o
 .debug_macro   0x00000000      0x2c6 src/ASF/common/services/clock/xmega/sysclk.o
 .debug_macro   0x00000000       0x68 src/ASF/common/services/clock/xmega/sysclk.o
 .debug_macro   0x00000000       0x2f src/ASF/common/services/clock/xmega/sysclk.o
 .debug_macro   0x00000000      0x13f src/ASF/common/services/clock/xmega/sysclk.o
 .group         0x00000000        0x8 src/ASF/common/services/sleepmgr/xmega/sleepmgr.o
 .group         0x00000000        0x8 src/ASF/common/services/sleepmgr/xmega/sleepmgr.o
 .group         0x00000000        0x8 src/ASF/common/services/sleepmgr/xmega/sleepmgr.o
 .group         0x00000000        0x8 src/ASF/common/services/sleepmgr/xmega/sleepmgr.o
 .group         0x00000000        0x8 src/ASF/common/services/sleepmgr/xmega/sleepmgr.o
 .group         0x00000000        0x8 src/ASF/common/services/sleepmgr/xmega/sleepmgr.o
 .group         0x00000000        0x8 src/ASF/common/services/sleepmgr/xmega/sleepmgr.o
 .group         0x00000000        0x8 src/ASF/common/services/sleepmgr/xmega/sleepmgr.o
 .group         0x00000000        0x8 src/ASF/common/services/sleepmgr/xmega/sleepmgr.o
 .group         0x00000000        0x8 src/ASF/common/services/sleepmgr/xmega/sleepmgr.o
 .group         0x00000000        0x8 src/ASF/common/services/sleepmgr/xmega/sleepmgr.o
 .group         0x00000000        0x8 src/ASF/common/services/sleepmgr/xmega/sleepmgr.o
 .group         0x00000000        0x8 src/ASF/common/services/sleepmgr/xmega/sleepmgr.o
 .group         0x00000000        0x8 src/ASF/common/services/sleepmgr/xmega/sleepmgr.o
 .group         0x00000000        0x8 src/ASF/common/services/sleepmgr/xmega/sleepmgr.o
 .group         0x00000000        0x8 src/ASF/common/services/sleepmgr/xmega/sleepmgr.o
 .group         0x00000000        0x8 src/ASF/common/services/sleepmgr/xmega/sleepmgr.o
 .group         0x00000000        0x8 src/ASF/common/services/sleepmgr/xmega/sleepmgr.o
 .group         0x00000000        0x8 src/ASF/common/services/sleepmgr/xmega/sleepmgr.o
 .group         0x00000000        0x8 src/ASF/common/services/sleepmgr/xmega/sleepmgr.o
 .group         0x00000000        0x8 src/ASF/common/services/sleepmgr/xmega/sleepmgr.o
 .group         0x00000000        0x8 src/ASF/common/services/sleepmgr/xmega/sleepmgr.o
 .group         0x00000000        0x8 src/ASF/common/services/sleepmgr/xmega/sleepmgr.o
 .group         0x00000000        0x8 src/ASF/common/services/sleepmgr/xmega/sleepmgr.o
 .group         0x00000000        0x8 src/ASF/common/services/sleepmgr/xmega/sleepmgr.o
 .group         0x00000000        0x8 src/ASF/common/services/sleepmgr/xmega/sleepmgr.o
 .group         0x00000000        0x8 src/ASF/common/services/sleepmgr/xmega/sleepmgr.o
 .group         0x00000000        0x8 src/ASF/common/services/sleepmgr/xmega/sleepmgr.o
 .group         0x00000000        0x8 src/ASF/common/services/sleepmgr/xmega/sleepmgr.o
 .group         0x00000000        0x8 src/ASF/common/services/sleepmgr/xmega/sleepmgr.o
 .group         0x00000000        0x8 src/ASF/common/services/sleepmgr/xmega/sleepmgr.o
 .group         0x00000000        0x8 src/ASF/common/services/sleepmgr/xmega/sleepmgr.o
 .group         0x00000000        0x8 src/ASF/common/services/sleepmgr/xmega/sleepmgr.o
 .text          0x00000000        0x0 src/ASF/common/services/sleepmgr/xmega/sleepmgr.o
 .data          0x00000000        0x0 src/ASF/common/services/sleepmgr/xmega/sleepmgr.o
 .bss           0x00000000        0x0 src/ASF/common/services/sleepmgr/xmega/sleepmgr.o
 .data.sleepmgr_configs
                0x00000000        0x6 src/ASF/common/services/sleepmgr/xmega/sleepmgr.o
 .debug_info    0x00000000      0x128 src/ASF/common/services/sleepmgr/xmega/sleepmgr.o
 .debug_abbrev  0x00000000       0x73 src/ASF/common/services/sleepmgr/xmega/sleepmgr.o
 .debug_aranges
                0x00000000       0x18 src/ASF/common/services/sleepmgr/xmega/sleepmgr.o
 .debug_macro   0x00000000      0x1a3 src/ASF/common/services/sleepmgr/xmega/sleepmgr.o
 .debug_macro   0x00000000      0xa5a src/ASF/common/services/sleepmgr/xmega/sleepmgr.o
 .debug_macro   0x00000000       0x10 src/ASF/common/services/sleepmgr/xmega/sleepmgr.o
 .debug_macro   0x00000000      0x1c9 src/ASF/common/services/sleepmgr/xmega/sleepmgr.o
 .debug_macro   0x00000000      0x2fc src/ASF/common/services/sleepmgr/xmega/sleepmgr.o
 .debug_macro   0x00000000       0x9e src/ASF/common/services/sleepmgr/xmega/sleepmgr.o
 .debug_macro   0x00000000     0x3c48 src/ASF/common/services/sleepmgr/xmega/sleepmgr.o
 .debug_macro   0x00000000       0x9a src/ASF/common/services/sleepmgr/xmega/sleepmgr.o
 .debug_macro   0x00000000       0xf1 src/ASF/common/services/sleepmgr/xmega/sleepmgr.o
 .debug_macro   0x00000000       0x34 src/ASF/common/services/sleepmgr/xmega/sleepmgr.o
 .debug_macro   0x00000000       0x16 src/ASF/common/services/sleepmgr/xmega/sleepmgr.o
 .debug_macro   0x00000000       0x18 src/ASF/common/services/sleepmgr/xmega/sleepmgr.o
 .debug_macro   0x00000000       0x5e src/ASF/common/services/sleepmgr/xmega/sleepmgr.o
 .debug_macro   0x00000000       0x10 src/ASF/common/services/sleepmgr/xmega/sleepmgr.o
 .debug_macro   0x00000000       0x22 src/ASF/common/services/sleepmgr/xmega/sleepmgr.o
 .debug_macro   0x00000000      0x16d src/ASF/common/services/sleepmgr/xmega/sleepmgr.o
 .debug_macro   0x00000000       0x1c src/ASF/common/services/sleepmgr/xmega/sleepmgr.o
 .debug_macro   0x00000000       0x35 src/ASF/common/services/sleepmgr/xmega/sleepmgr.o
 .debug_macro   0x00000000       0x66 src/ASF/common/services/sleepmgr/xmega/sleepmgr.o
 .debug_macro   0x00000000      0x64b src/ASF/common/services/sleepmgr/xmega/sleepmgr.o
 .debug_macro   0x00000000       0x97 src/ASF/common/services/sleepmgr/xmega/sleepmgr.o
 .debug_macro   0x00000000       0x17 src/ASF/common/services/sleepmgr/xmega/sleepmgr.o
 .debug_macro   0x00000000      0x250 src/ASF/common/services/sleepmgr/xmega/sleepmgr.o
 .debug_macro   0x00000000       0x76 src/ASF/common/services/sleepmgr/xmega/sleepmgr.o
 .debug_macro   0x00000000       0x16 src/ASF/common/services/sleepmgr/xmega/sleepmgr.o
 .debug_macro   0x00000000      0x6e3 src/ASF/common/services/sleepmgr/xmega/sleepmgr.o
 .debug_macro   0x00000000       0x10 src/ASF/common/services/sleepmgr/xmega/sleepmgr.o
 .debug_macro   0x00000000      0x175 src/ASF/common/services/sleepmgr/xmega/sleepmgr.o
 .debug_macro   0x00000000       0x40 src/ASF/common/services/sleepmgr/xmega/sleepmgr.o
 .debug_macro   0x00000000       0x69 src/ASF/common/services/sleepmgr/xmega/sleepmgr.o
 .debug_macro   0x00000000       0x32 src/ASF/common/services/sleepmgr/xmega/sleepmgr.o
 .debug_macro   0x00000000       0xe4 src/ASF/common/services/sleepmgr/xmega/sleepmgr.o
 .debug_macro   0x00000000       0x10 src/ASF/common/services/sleepmgr/xmega/sleepmgr.o
 .debug_macro   0x00000000       0x42 src/ASF/common/services/sleepmgr/xmega/sleepmgr.o
 .debug_line    0x00000000      0x43c src/ASF/common/services/sleepmgr/xmega/sleepmgr.o
 .debug_str     0x00000000    0x1fa7d src/ASF/common/services/sleepmgr/xmega/sleepmgr.o
 .comment       0x00000000       0x31 src/ASF/common/services/sleepmgr/xmega/sleepmgr.o
 COMMON         0x00000000        0x6 src/ASF/common/services/sleepmgr/xmega/sleepmgr.o
 .text          0x00000000        0x0 src/ASF/xmega/drivers/cpu/ccp.o
 .data          0x00000000        0x0 src/ASF/xmega/drivers/cpu/ccp.o
 .bss           0x00000000        0x0 src/ASF/xmega/drivers/cpu/ccp.o
 .text.ccp_write_io
                0x00000000        0xc src/ASF/xmega/drivers/cpu/ccp.o
 .debug_line    0x00000000       0x6e src/ASF/xmega/drivers/cpu/ccp.o
 .debug_info    0x00000000       0x8a src/ASF/xmega/drivers/cpu/ccp.o
 .debug_abbrev  0x00000000       0x14 src/ASF/xmega/drivers/cpu/ccp.o
 .debug_aranges
                0x00000000       0x20 src/ASF/xmega/drivers/cpu/ccp.o
 .group         0x00000000        0x8 src/ASF/xmega/drivers/rtc/rtc.o
 .group         0x00000000        0x8 src/ASF/xmega/drivers/rtc/rtc.o
 .group         0x00000000        0x8 src/ASF/xmega/drivers/rtc/rtc.o
 .group         0x00000000        0x8 src/ASF/xmega/drivers/rtc/rtc.o
 .group         0x00000000        0x8 src/ASF/xmega/drivers/rtc/rtc.o
 .group         0x00000000        0x8 src/ASF/xmega/drivers/rtc/rtc.o
 .group         0x00000000        0x8 src/ASF/xmega/drivers/rtc/rtc.o
 .group         0x00000000        0x8 src/ASF/xmega/drivers/rtc/rtc.o
 .group         0x00000000        0x8 src/ASF/xmega/drivers/rtc/rtc.o
 .group         0x00000000        0x8 src/ASF/xmega/drivers/rtc/rtc.o
 .group         0x00000000        0x8 src/ASF/xmega/drivers/rtc/rtc.o
 .group         0x00000000        0x8 src/ASF/xmega/drivers/rtc/rtc.o
 .group         0x00000000        0x8 src/ASF/xmega/drivers/rtc/rtc.o
 .group         0x00000000        0x8 src/ASF/xmega/drivers/rtc/rtc.o
 .group         0x00000000        0x8 src/ASF/xmega/drivers/rtc/rtc.o
 .group         0x00000000        0x8 src/ASF/xmega/drivers/rtc/rtc.o
 .group         0x00000000        0x8 src/ASF/xmega/drivers/rtc/rtc.o
 .group         0x00000000        0x8 src/ASF/xmega/drivers/rtc/rtc.o
 .group         0x00000000        0x8 src/ASF/xmega/drivers/rtc/rtc.o
 .group         0x00000000        0x8 src/ASF/xmega/drivers/rtc/rtc.o
 .group         0x00000000        0x8 src/ASF/xmega/drivers/rtc/rtc.o
 .group         0x00000000        0x8 src/ASF/xmega/drivers/rtc/rtc.o
 .group         0x00000000        0x8 src/ASF/xmega/drivers/rtc/rtc.o
 .group         0x00000000        0x8 src/ASF/xmega/drivers/rtc/rtc.o
 .group         0x00000000        0x8 src/ASF/xmega/drivers/rtc/rtc.o
 .group         0x00000000        0x8 src/ASF/xmega/drivers/rtc/rtc.o
 .group         0x00000000        0x8 src/ASF/xmega/drivers/rtc/rtc.o
 .group         0x00000000        0x8 src/ASF/xmega/drivers/rtc/rtc.o
 .group         0x00000000        0x8 src/ASF/xmega/drivers/rtc/rtc.o
 .group         0x00000000        0x8 src/ASF/xmega/drivers/rtc/rtc.o
 .group         0x00000000        0x8 src/ASF/xmega/drivers/rtc/rtc.o
 .group         0x00000000        0x8 src/ASF/xmega/drivers/rtc/rtc.o
 .group         0x00000000        0x8 src/ASF/xmega/drivers/rtc/rtc.o
 .group         0x00000000        0x8 src/ASF/xmega/drivers/rtc/rtc.o
 .group         0x00000000        0x8 src/ASF/xmega/drivers/rtc/rtc.o
 .group         0x00000000        0x8 src/ASF/xmega/drivers/rtc/rtc.o
 .group         0x00000000        0x8 src/ASF/xmega/drivers/rtc/rtc.o
 .group         0x00000000        0x8 src/ASF/xmega/drivers/rtc/rtc.o
 .group         0x00000000        0x8 src/ASF/xmega/drivers/rtc/rtc.o
 .text          0x00000000        0x0 src/ASF/xmega/drivers/rtc/rtc.o
 .data          0x00000000        0x0 src/ASF/xmega/drivers/rtc/rtc.o
 .bss           0x00000000        0x0 src/ASF/xmega/drivers/rtc/rtc.o
 .text.cpu_irq_save
                0x00000000       0x20 src/ASF/xmega/drivers/rtc/rtc.o
 .text.cpu_irq_restore
                0x00000000       0x20 src/ASF/xmega/drivers/rtc/rtc.o
 .text.sleepmgr_lock_mode
                0x00000000       0x52 src/ASF/xmega/drivers/rtc/rtc.o
 .text.rtc_alarm_has_triggered
                0x00000000       0x28 src/ASF/xmega/drivers/rtc/rtc.o
 .text.rtc_set_time
                0x00000000       0x76 src/ASF/xmega/drivers/rtc/rtc.o
 .text.rtc_get_time
                0x00000000       0xaa src/ASF/xmega/drivers/rtc/rtc.o
 .text.rtc_set_alarm
                0x00000000       0x8e src/ASF/xmega/drivers/rtc/rtc.o
 .text.rtc_set_callback
                0x00000000       0x26 src/ASF/xmega/drivers/rtc/rtc.o
 .text.rtc_init
                0x00000000       0x4a src/ASF/xmega/drivers/rtc/rtc.o
 .debug_macro   0x00000000      0xa5a src/ASF/xmega/drivers/rtc/rtc.o
 .debug_macro   0x00000000       0x10 src/ASF/xmega/drivers/rtc/rtc.o
 .debug_macro   0x00000000      0x1c9 src/ASF/xmega/drivers/rtc/rtc.o
 .debug_macro   0x00000000      0x2fc src/ASF/xmega/drivers/rtc/rtc.o
 .debug_macro   0x00000000       0x9e src/ASF/xmega/drivers/rtc/rtc.o
 .debug_macro   0x00000000     0x3c48 src/ASF/xmega/drivers/rtc/rtc.o
 .debug_macro   0x00000000       0x9a src/ASF/xmega/drivers/rtc/rtc.o
 .debug_macro   0x00000000       0xf1 src/ASF/xmega/drivers/rtc/rtc.o
 .debug_macro   0x00000000       0x34 src/ASF/xmega/drivers/rtc/rtc.o
 .debug_macro   0x00000000       0x16 src/ASF/xmega/drivers/rtc/rtc.o
 .debug_macro   0x00000000       0x18 src/ASF/xmega/drivers/rtc/rtc.o
 .debug_macro   0x00000000       0x5e src/ASF/xmega/drivers/rtc/rtc.o
 .debug_macro   0x00000000       0x10 src/ASF/xmega/drivers/rtc/rtc.o
 .debug_macro   0x00000000       0x22 src/ASF/xmega/drivers/rtc/rtc.o
 .debug_macro   0x00000000      0x16d src/ASF/xmega/drivers/rtc/rtc.o
 .debug_macro   0x00000000       0x1c src/ASF/xmega/drivers/rtc/rtc.o
 .debug_macro   0x00000000       0x35 src/ASF/xmega/drivers/rtc/rtc.o
 .debug_macro   0x00000000       0x66 src/ASF/xmega/drivers/rtc/rtc.o
 .debug_macro   0x00000000      0x64b src/ASF/xmega/drivers/rtc/rtc.o
 .debug_macro   0x00000000       0x97 src/ASF/xmega/drivers/rtc/rtc.o
 .debug_macro   0x00000000       0x17 src/ASF/xmega/drivers/rtc/rtc.o
 .debug_macro   0x00000000      0x250 src/ASF/xmega/drivers/rtc/rtc.o
 .debug_macro   0x00000000       0x76 src/ASF/xmega/drivers/rtc/rtc.o
 .debug_macro   0x00000000       0x16 src/ASF/xmega/drivers/rtc/rtc.o
 .debug_macro   0x00000000      0x6e3 src/ASF/xmega/drivers/rtc/rtc.o
 .debug_macro   0x00000000       0x10 src/ASF/xmega/drivers/rtc/rtc.o
 .debug_macro   0x00000000      0x175 src/ASF/xmega/drivers/rtc/rtc.o
 .debug_macro   0x00000000       0x40 src/ASF/xmega/drivers/rtc/rtc.o
 .debug_macro   0x00000000       0x69 src/ASF/xmega/drivers/rtc/rtc.o
 .debug_macro   0x00000000       0x32 src/ASF/xmega/drivers/rtc/rtc.o
 .debug_macro   0x00000000       0xe4 src/ASF/xmega/drivers/rtc/rtc.o
 .debug_macro   0x00000000       0x1c src/ASF/xmega/drivers/rtc/rtc.o
 .debug_macro   0x00000000      0x2c6 src/ASF/xmega/drivers/rtc/rtc.o
 .debug_macro   0x00000000       0x68 src/ASF/xmega/drivers/rtc/rtc.o
 .debug_macro   0x00000000       0x2f src/ASF/xmega/drivers/rtc/rtc.o
 .debug_macro   0x00000000      0x13f src/ASF/xmega/drivers/rtc/rtc.o
 .debug_macro   0x00000000       0x10 src/ASF/xmega/drivers/rtc/rtc.o
 .debug_macro   0x00000000       0x42 src/ASF/xmega/drivers/rtc/rtc.o
 .debug_macro   0x00000000       0x1c src/ASF/xmega/drivers/rtc/rtc.o
 .text          0x00000000        0x0 c:/program files/atmel/studio/7.0/toolchain/avr8/avr8-gnu-toolchain/bin/../lib/gcc/avr/5.4.0/../../../../avr/lib/avrxmega2\libm.a(cmpsf2.o)
 .data          0x00000000        0x0 c:/program files/atmel/studio/7.0/toolchain/avr8/avr8-gnu-toolchain/bin/../lib/gcc/avr/5.4.0/../../../../avr/lib/avrxmega2\libm.a(cmpsf2.o)
 .bss           0x00000000        0x0 c:/program files/atmel/studio/7.0/toolchain/avr8/avr8-gnu-toolchain/bin/../lib/gcc/avr/5.4.0/../../../../avr/lib/avrxmega2\libm.a(cmpsf2.o)
 .text          0x00000000        0x0 c:/program files/atmel/studio/7.0/toolchain/avr8/avr8-gnu-toolchain/bin/../lib/gcc/avr/5.4.0/../../../../avr/lib/avrxmega2\libm.a(fixunssfsi.o)
 .data          0x00000000        0x0 c:/program files/atmel/studio/7.0/toolchain/avr8/avr8-gnu-toolchain/bin/../lib/gcc/avr/5.4.0/../../../../avr/lib/avrxmega2\libm.a(fixunssfsi.o)
 .bss           0x00000000        0x0 c:/program files/atmel/studio/7.0/toolchain/avr8/avr8-gnu-toolchain/bin/../lib/gcc/avr/5.4.0/../../../../avr/lib/avrxmega2\libm.a(fixunssfsi.o)
 .text          0x00000000        0x0 c:/program files/atmel/studio/7.0/toolchain/avr8/avr8-gnu-toolchain/bin/../lib/gcc/avr/5.4.0/../../../../avr/lib/avrxmega2\libm.a(fp_cmp.o)
 .data          0x00000000        0x0 c:/program files/atmel/studio/7.0/toolchain/avr8/avr8-gnu-toolchain/bin/../lib/gcc/avr/5.4.0/../../../../avr/lib/avrxmega2\libm.a(fp_cmp.o)
 .bss           0x00000000        0x0 c:/program files/atmel/studio/7.0/toolchain/avr8/avr8-gnu-toolchain/bin/../lib/gcc/avr/5.4.0/../../../../avr/lib/avrxmega2\libm.a(fp_cmp.o)
 .text          0x00000000        0x0 c:/program files/atmel/studio/7.0/toolchain/avr8/avr8-gnu-toolchain/bin/../lib/gcc/avr/5.4.0/../../../../avr/lib/avrxmega2\libm.a(fp_split3.o)
 .data          0x00000000        0x0 c:/program files/atmel/studio/7.0/toolchain/avr8/avr8-gnu-toolchain/bin/../lib/gcc/avr/5.4.0/../../../../avr/lib/avrxmega2\libm.a(fp_split3.o)
 .bss           0x00000000        0x0 c:/program files/atmel/studio/7.0/toolchain/avr8/avr8-gnu-toolchain/bin/../lib/gcc/avr/5.4.0/../../../../avr/lib/avrxmega2\libm.a(fp_split3.o)
 .text          0x00000000        0x0 c:/program files/atmel/studio/7.0/toolchain/avr8/avr8-gnu-toolchain/bin/../lib/gcc/avr/5.4.0/../../../../avr/lib/avrxmega2\libm.a(fp_zero.o)
 .data          0x00000000        0x0 c:/program files/atmel/studio/7.0/toolchain/avr8/avr8-gnu-toolchain/bin/../lib/gcc/avr/5.4.0/../../../../avr/lib/avrxmega2\libm.a(fp_zero.o)
 .bss           0x00000000        0x0 c:/program files/atmel/studio/7.0/toolchain/avr8/avr8-gnu-toolchain/bin/../lib/gcc/avr/5.4.0/../../../../avr/lib/avrxmega2\libm.a(fp_zero.o)
 .text          0x00000000        0x0 c:/program files/atmel/studio/7.0/toolchain/avr8/avr8-gnu-toolchain/bin/../lib/gcc/avr/5.4.0/../../../../avr/lib/avrxmega2\libm.a(gesf2.o)
 .data          0x00000000        0x0 c:/program files/atmel/studio/7.0/toolchain/avr8/avr8-gnu-toolchain/bin/../lib/gcc/avr/5.4.0/../../../../avr/lib/avrxmega2\libm.a(gesf2.o)
 .bss           0x00000000        0x0 c:/program files/atmel/studio/7.0/toolchain/avr8/avr8-gnu-toolchain/bin/../lib/gcc/avr/5.4.0/../../../../avr/lib/avrxmega2\libm.a(gesf2.o)
 .text          0x00000000        0x0 c:/program files/atmel/studio/7.0/toolchain/avr8/avr8-gnu-toolchain/bin/../lib/gcc/avr/5.4.0/../../../../avr/lib/avrxmega2\libm.a(mulsf3.o)
 .data          0x00000000        0x0 c:/program files/atmel/studio/7.0/toolchain/avr8/avr8-gnu-toolchain/bin/../lib/gcc/avr/5.4.0/../../../../avr/lib/avrxmega2\libm.a(mulsf3.o)
 .bss           0x00000000        0x0 c:/program files/atmel/studio/7.0/toolchain/avr8/avr8-gnu-toolchain/bin/../lib/gcc/avr/5.4.0/../../../../avr/lib/avrxmega2\libm.a(mulsf3.o)
 .text          0x00000000        0x0 c:/program files/atmel/studio/7.0/toolchain/avr8/avr8-gnu-toolchain/bin/../lib/gcc/avr/5.4.0/../../../../avr/lib/avrxmega2\libm.a(mulsf3x.o)
 .data          0x00000000        0x0 c:/program files/atmel/studio/7.0/toolchain/avr8/avr8-gnu-toolchain/bin/../lib/gcc/avr/5.4.0/../../../../avr/lib/avrxmega2\libm.a(mulsf3x.o)
 .bss           0x00000000        0x0 c:/program files/atmel/studio/7.0/toolchain/avr8/avr8-gnu-toolchain/bin/../lib/gcc/avr/5.4.0/../../../../avr/lib/avrxmega2\libm.a(mulsf3x.o)
 .text          0x00000000        0x0 c:/program files/atmel/studio/7.0/toolchain/avr8/avr8-gnu-toolchain/bin/../lib/gcc/avr/5.4.0/../../../../avr/lib/avrxmega2\libm.a(fp_inf.o)
 .data          0x00000000        0x0 c:/program files/atmel/studio/7.0/toolchain/avr8/avr8-gnu-toolchain/bin/../lib/gcc/avr/5.4.0/../../../../avr/lib/avrxmega2\libm.a(fp_inf.o)
 .bss           0x00000000        0x0 c:/program files/atmel/studio/7.0/toolchain/avr8/avr8-gnu-toolchain/bin/../lib/gcc/avr/5.4.0/../../../../avr/lib/avrxmega2\libm.a(fp_inf.o)
 .text          0x00000000        0x0 c:/program files/atmel/studio/7.0/toolchain/avr8/avr8-gnu-toolchain/bin/../lib/gcc/avr/5.4.0/../../../../avr/lib/avrxmega2\libm.a(fp_nan.o)
 .data          0x00000000        0x0 c:/program files/atmel/studio/7.0/toolchain/avr8/avr8-gnu-toolchain/bin/../lib/gcc/avr/5.4.0/../../../../avr/lib/avrxmega2\libm.a(fp_nan.o)
 .bss           0x00000000        0x0 c:/program files/atmel/studio/7.0/toolchain/avr8/avr8-gnu-toolchain/bin/../lib/gcc/avr/5.4.0/../../../../avr/lib/avrxmega2\libm.a(fp_nan.o)
 .text          0x00000000        0x0 c:/program files/atmel/studio/7.0/toolchain/avr8/avr8-gnu-toolchain/bin/../lib/gcc/avr/5.4.0/../../../../avr/lib/avrxmega2\libm.a(fp_pscA.o)
 .data          0x00000000        0x0 c:/program files/atmel/studio/7.0/toolchain/avr8/avr8-gnu-toolchain/bin/../lib/gcc/avr/5.4.0/../../../../avr/lib/avrxmega2\libm.a(fp_pscA.o)
 .bss           0x00000000        0x0 c:/program files/atmel/studio/7.0/toolchain/avr8/avr8-gnu-toolchain/bin/../lib/gcc/avr/5.4.0/../../../../avr/lib/avrxmega2\libm.a(fp_pscA.o)
 .text          0x00000000        0x0 c:/program files/atmel/studio/7.0/toolchain/avr8/avr8-gnu-toolchain/bin/../lib/gcc/avr/5.4.0/../../../../avr/lib/avrxmega2\libm.a(fp_pscB.o)
 .data          0x00000000        0x0 c:/program files/atmel/studio/7.0/toolchain/avr8/avr8-gnu-toolchain/bin/../lib/gcc/avr/5.4.0/../../../../avr/lib/avrxmega2\libm.a(fp_pscB.o)
 .bss           0x00000000        0x0 c:/program files/atmel/studio/7.0/toolchain/avr8/avr8-gnu-toolchain/bin/../lib/gcc/avr/5.4.0/../../../../avr/lib/avrxmega2\libm.a(fp_pscB.o)
 .text          0x00000000        0x0 c:/program files/atmel/studio/7.0/toolchain/avr8/avr8-gnu-toolchain/bin/../lib/gcc/avr/5.4.0/../../../../avr/lib/avrxmega2\libm.a(fp_round.o)
 .data          0x00000000        0x0 c:/program files/atmel/studio/7.0/toolchain/avr8/avr8-gnu-toolchain/bin/../lib/gcc/avr/5.4.0/../../../../avr/lib/avrxmega2\libm.a(fp_round.o)
 .bss           0x00000000        0x0 c:/program files/atmel/studio/7.0/toolchain/avr8/avr8-gnu-toolchain/bin/../lib/gcc/avr/5.4.0/../../../../avr/lib/avrxmega2\libm.a(fp_round.o)
 .text          0x00000000        0x0 c:/program files/atmel/studio/7.0/toolchain/avr8/avr8-gnu-toolchain/bin/../lib/gcc/avr/5.4.0/avrxmega2\libgcc.a(_exit.o)
 .data          0x00000000        0x0 c:/program files/atmel/studio/7.0/toolchain/avr8/avr8-gnu-toolchain/bin/../lib/gcc/avr/5.4.0/avrxmega2\libgcc.a(_exit.o)
 .bss           0x00000000        0x0 c:/program files/atmel/studio/7.0/toolchain/avr8/avr8-gnu-toolchain/bin/../lib/gcc/avr/5.4.0/avrxmega2\libgcc.a(_exit.o)
 .text.libgcc.mul
                0x00000000        0x0 c:/program files/atmel/studio/7.0/toolchain/avr8/avr8-gnu-toolchain/bin/../lib/gcc/avr/5.4.0/avrxmega2\libgcc.a(_exit.o)
 .text.libgcc.div
                0x00000000        0x0 c:/program files/atmel/studio/7.0/toolchain/avr8/avr8-gnu-toolchain/bin/../lib/gcc/avr/5.4.0/avrxmega2\libgcc.a(_exit.o)
 .text.libgcc   0x00000000        0x0 c:/program files/atmel/studio/7.0/toolchain/avr8/avr8-gnu-toolchain/bin/../lib/gcc/avr/5.4.0/avrxmega2\libgcc.a(_exit.o)
 .text.libgcc.prologue
                0x00000000        0x0 c:/program files/atmel/studio/7.0/toolchain/avr8/avr8-gnu-toolchain/bin/../lib/gcc/avr/5.4.0/avrxmega2\libgcc.a(_exit.o)
 .text.libgcc.builtins
                0x00000000        0x0 c:/program files/atmel/studio/7.0/toolchain/avr8/avr8-gnu-toolchain/bin/../lib/gcc/avr/5.4.0/avrxmega2\libgcc.a(_exit.o)
 .text.libgcc.fmul
                0x00000000        0x0 c:/program files/atmel/studio/7.0/toolchain/avr8/avr8-gnu-toolchain/bin/../lib/gcc/avr/5.4.0/avrxmega2\libgcc.a(_exit.o)
 .text.libgcc.fixed
                0x00000000        0x0 c:/program files/atmel/studio/7.0/toolchain/avr8/avr8-gnu-toolchain/bin/../lib/gcc/avr/5.4.0/avrxmega2\libgcc.a(_exit.o)
 .text          0x00000000        0x0 c:/program files/atmel/studio/7.0/toolchain/avr8/avr8-gnu-toolchain/bin/../lib/gcc/avr/5.4.0/avrxmega2\libgcc.a(_copy_data.o)
 .data          0x00000000        0x0 c:/program files/atmel/studio/7.0/toolchain/avr8/avr8-gnu-toolchain/bin/../lib/gcc/avr/5.4.0/avrxmega2\libgcc.a(_copy_data.o)
 .bss           0x00000000        0x0 c:/program files/atmel/studio/7.0/toolchain/avr8/avr8-gnu-toolchain/bin/../lib/gcc/avr/5.4.0/avrxmega2\libgcc.a(_copy_data.o)
 .text.libgcc.mul
                0x00000000        0x0 c:/program files/atmel/studio/7.0/toolchain/avr8/avr8-gnu-toolchain/bin/../lib/gcc/avr/5.4.0/avrxmega2\libgcc.a(_copy_data.o)
 .text.libgcc.div
                0x00000000        0x0 c:/program files/atmel/studio/7.0/toolchain/avr8/avr8-gnu-toolchain/bin/../lib/gcc/avr/5.4.0/avrxmega2\libgcc.a(_copy_data.o)
 .text.libgcc   0x00000000        0x0 c:/program files/atmel/studio/7.0/toolchain/avr8/avr8-gnu-toolchain/bin/../lib/gcc/avr/5.4.0/avrxmega2\libgcc.a(_copy_data.o)
 .text.libgcc.prologue
                0x00000000        0x0 c:/program files/atmel/studio/7.0/toolchain/avr8/avr8-gnu-toolchain/bin/../lib/gcc/avr/5.4.0/avrxmega2\libgcc.a(_copy_data.o)
 .text.libgcc.builtins
                0x00000000        0x0 c:/program files/atmel/studio/7.0/toolchain/avr8/avr8-gnu-toolchain/bin/../lib/gcc/avr/5.4.0/avrxmega2\libgcc.a(_copy_data.o)
 .text.libgcc.fmul
                0x00000000        0x0 c:/program files/atmel/studio/7.0/toolchain/avr8/avr8-gnu-toolchain/bin/../lib/gcc/avr/5.4.0/avrxmega2\libgcc.a(_copy_data.o)
 .text.libgcc.fixed
                0x00000000        0x0 c:/program files/atmel/studio/7.0/toolchain/avr8/avr8-gnu-toolchain/bin/../lib/gcc/avr/5.4.0/avrxmega2\libgcc.a(_copy_data.o)
 .text          0x00000000        0x0 c:/program files/atmel/studio/7.0/toolchain/avr8/avr8-gnu-toolchain/bin/../lib/gcc/avr/5.4.0/avrxmega2\libgcc.a(_clear_bss.o)
 .data          0x00000000        0x0 c:/program files/atmel/studio/7.0/toolchain/avr8/avr8-gnu-toolchain/bin/../lib/gcc/avr/5.4.0/avrxmega2\libgcc.a(_clear_bss.o)
 .bss           0x00000000        0x0 c:/program files/atmel/studio/7.0/toolchain/avr8/avr8-gnu-toolchain/bin/../lib/gcc/avr/5.4.0/avrxmega2\libgcc.a(_clear_bss.o)
 .text.libgcc.mul
                0x00000000        0x0 c:/program files/atmel/studio/7.0/toolchain/avr8/avr8-gnu-toolchain/bin/../lib/gcc/avr/5.4.0/avrxmega2\libgcc.a(_clear_bss.o)
 .text.libgcc.div
                0x00000000        0x0 c:/program files/atmel/studio/7.0/toolchain/avr8/avr8-gnu-toolchain/bin/../lib/gcc/avr/5.4.0/avrxmega2\libgcc.a(_clear_bss.o)
 .text.libgcc   0x00000000        0x0 c:/program files/atmel/studio/7.0/toolchain/avr8/avr8-gnu-toolchain/bin/../lib/gcc/avr/5.4.0/avrxmega2\libgcc.a(_clear_bss.o)
 .text.libgcc.prologue
                0x00000000        0x0 c:/program files/atmel/studio/7.0/toolchain/avr8/avr8-gnu-toolchain/bin/../lib/gcc/avr/5.4.0/avrxmega2\libgcc.a(_clear_bss.o)
 .text.libgcc.builtins
                0x00000000        0x0 c:/program files/atmel/studio/7.0/toolchain/avr8/avr8-gnu-toolchain/bin/../lib/gcc/avr/5.4.0/avrxmega2\libgcc.a(_clear_bss.o)
 .text.libgcc.fmul
                0x00000000        0x0 c:/program files/atmel/studio/7.0/toolchain/avr8/avr8-gnu-toolchain/bin/../lib/gcc/avr/5.4.0/avrxmega2\libgcc.a(_clear_bss.o)
 .text.libgcc.fixed
                0x00000000        0x0 c:/program files/atmel/studio/7.0/toolchain/avr8/avr8-gnu-toolchain/bin/../lib/gcc/avr/5.4.0/avrxmega2\libgcc.a(_clear_bss.o)
 .text          0x00000000        0x0 c:/program files/atmel/studio/7.0/toolchain/avr8/avr8-gnu-toolchain/bin/../lib/gcc/avr/5.4.0/../../../../avr/lib/avrxmega2\libc.a(iob.o)
 .data          0x00000000        0x0 c:/program files/atmel/studio/7.0/toolchain/avr8/avr8-gnu-toolchain/bin/../lib/gcc/avr/5.4.0/../../../../avr/lib/avrxmega2\libc.a(iob.o)
 .bss           0x00000000        0x0 c:/program files/atmel/studio/7.0/toolchain/avr8/avr8-gnu-toolchain/bin/../lib/gcc/avr/5.4.0/../../../../avr/lib/avrxmega2\libc.a(iob.o)
 .comment       0x00000000       0x31 c:/program files/atmel/studio/7.0/toolchain/avr8/avr8-gnu-toolchain/bin/../lib/gcc/avr/5.4.0/../../../../avr/lib/avrxmega2\libc.a(iob.o)
 COMMON         0x00000000        0x6 c:/program files/atmel/studio/7.0/toolchain/avr8/avr8-gnu-toolchain/bin/../lib/gcc/avr/5.4.0/../../../../avr/lib/avrxmega2\libc.a(iob.o)

Memory Configuration

Name             Origin             Length             Attributes
text             0x00000000         0x00100000         xr
data             0x00802000         0x0000ffa0         rw !x
eeprom           0x00810000         0x00010000         rw !x
fuse             0x00820000         0x00000400         rw !x
lock             0x00830000         0x00000400         rw !x
signature        0x00840000         0x00000400         rw !x
user_signatures  0x00850000         0x00000400         rw !x
*default*        0x00000000         0xffffffff

Linker script and memory map

LOAD C:/Program Files/Atmel/Studio/7.0/Packs/atmel/XMEGAD_DFP/1.0.32/gcc/dev/atxmega32d4/avrxmega2/crtatxmega32d4.o
LOAD adc.o
LOAD BH1750.o
LOAD com.o
LOAD i2c.o
LOAD main.o
LOAD src/ASF/common/boards/user_board/init.o
LOAD src/ASF/common/services/clock/xmega/sysclk.o
LOAD src/ASF/common/services/sleepmgr/xmega/sleepmgr.o
LOAD src/ASF/xmega/drivers/cpu/ccp.o
LOAD src/ASF/xmega/drivers/rtc/rtc.o
START GROUP
LOAD c:/program files/atmel/studio/7.0/toolchain/avr8/avr8-gnu-toolchain/bin/../lib/gcc/avr/5.4.0/../../../../avr/lib/avrxmega2\libm.a
END GROUP
START GROUP
LOAD c:/program files/atmel/studio/7.0/toolchain/avr8/avr8-gnu-toolchain/bin/../lib/gcc/avr/5.4.0/avrxmega2\libgcc.a
LOAD c:/program files/atmel/studio/7.0/toolchain/avr8/avr8-gnu-toolchain/bin/../lib/gcc/avr/5.4.0/../../../../avr/lib/avrxmega2\libm.a
LOAD c:/program files/atmel/studio/7.0/toolchain/avr8/avr8-gnu-toolchain/bin/../lib/gcc/avr/5.4.0/../../../../avr/lib/avrxmega2\libc.a
LOAD C:/Program Files/Atmel/Studio/7.0/Packs/atmel/XMEGAD_DFP/1.0.32/gcc/dev/atxmega32d4/avrxmega2\libatxmega32d4.a
END GROUP
                0x00100000                __TEXT_REGION_LENGTH__ = DEFINED (__TEXT_REGION_LENGTH__)?__TEXT_REGION_LENGTH__:0x100000
                0x0000ffa0                __DATA_REGION_LENGTH__ = DEFINED (__DATA_REGION_LENGTH__)?__DATA_REGION_LENGTH__:0xffa0
                0x00010000                __EEPROM_REGION_LENGTH__ = DEFINED (__EEPROM_REGION_LENGTH__)?__EEPROM_REGION_LENGTH__:0x10000
                0x00000400                __FUSE_REGION_LENGTH__ = DEFINED (__FUSE_REGION_LENGTH__)?__FUSE_REGION_LENGTH__:0x400
                0x00000400                __LOCK_REGION_LENGTH__ = DEFINED (__LOCK_REGION_LENGTH__)?__LOCK_REGION_LENGTH__:0x400
                0x00000400                __SIGNATURE_REGION_LENGTH__ = DEFINED (__SIGNATURE_REGION_LENGTH__)?__SIGNATURE_REGION_LENGTH__:0x400
                0x00000400                __USER_SIGNATURE_REGION_LENGTH__ = DEFINED (__USER_SIGNATURE_REGION_LENGTH__)?__USER_SIGNATURE_REGION_LENGTH__:0x400

.hash
 *(.hash)

.dynsym
 *(.dynsym)

.dynstr
 *(.dynstr)

.gnu.version
 *(.gnu.version)

.gnu.version_d
 *(.gnu.version_d)

.gnu.version_r
 *(.gnu.version_r)

.rel.init
 *(.rel.init)

.rela.init
 *(.rela.init)

.rel.text
 *(.rel.text)
 *(.rel.text.*)
 *(.rel.gnu.linkonce.t*)

.rela.text
 *(.rela.text)
 *(.rela.text.*)
 *(.rela.gnu.linkonce.t*)

.rel.fini
 *(.rel.fini)

.rela.fini
 *(.rela.fini)

.rel.rodata
 *(.rel.rodata)
 *(.rel.rodata.*)
 *(.rel.gnu.linkonce.r*)

.rela.rodata
 *(.rela.rodata)
 *(.rela.rodata.*)
 *(.rela.gnu.linkonce.r*)

.rel.data
 *(.rel.data)
 *(.rel.data.*)
 *(.rel.gnu.linkonce.d*)

.rela.data
 *(.rela.data)
 *(.rela.data.*)
 *(.rela.gnu.linkonce.d*)

.rel.ctors
 *(.rel.ctors)

.rela.ctors
 *(.rela.ctors)

.rel.dtors
 *(.rel.dtors)

.rela.dtors
 *(.rela.dtors)

.rel.got
 *(.rel.got)

.rela.got
 *(.rela.got)

.rel.bss
 *(.rel.bss)

.rela.bss
 *(.rela.bss)

.rel.plt
 *(.rel.plt)

.rela.plt
 *(.rela.plt)

.text           0x00000000      0xc38
 *(.vectors)
 .vectors       0x00000000      0x16c C:/Program Files/Atmel/Studio/7.0/Packs/atmel/XMEGAD_DFP/1.0.32/gcc/dev/atxmega32d4/avrxmega2/crtatxmega32d4.o
                0x00000000                __vector_default
                0x00000000                __vectors
 *(.vectors)
 *(.progmem.gcc*)
                0x0000016c                . = ALIGN (0x2)
                0x0000016c                __trampolines_start = .
 *(.trampolines)
 .trampolines   0x0000016c        0x0 linker stubs
 *(.trampolines*)
                0x0000016c                __trampolines_end = .
 *libprintf_flt.a:*(.progmem.data)
 *libc.a:*(.progmem.data)
 *(.progmem*)
                0x0000016c                . = ALIGN (0x2)
 *(.jumptables)
 *(.jumptables*)
 *(.lowtext)
 *(.lowtext*)
                0x0000016c                __ctors_start = .
 *(.ctors)
                0x0000016c                __ctors_end = .
                0x0000016c                __dtors_start = .
 *(.dtors)
                0x0000016c                __dtors_end = .
 SORT(*)(.ctors)
 SORT(*)(.dtors)
 *(.init0)
 .init0         0x0000016c        0x0 C:/Program Files/Atmel/Studio/7.0/Packs/atmel/XMEGAD_DFP/1.0.32/gcc/dev/atxmega32d4/avrxmega2/crtatxmega32d4.o
                0x0000016c                __init
 *(.init0)
 *(.init1)
 *(.init1)
 *(.init2)
 .init2         0x0000016c        0xc C:/Program Files/Atmel/Studio/7.0/Packs/atmel/XMEGAD_DFP/1.0.32/gcc/dev/atxmega32d4/avrxmega2/crtatxmega32d4.o
 *(.init2)
 *(.init3)
 *(.init3)
 *(.init4)
 .init4         0x00000178       0x16 c:/program files/atmel/studio/7.0/toolchain/avr8/avr8-gnu-toolchain/bin/../lib/gcc/avr/5.4.0/avrxmega2\libgcc.a(_copy_data.o)
                0x00000178                __do_copy_data
 .init4         0x0000018e       0x10 c:/program files/atmel/studio/7.0/toolchain/avr8/avr8-gnu-toolchain/bin/../lib/gcc/avr/5.4.0/avrxmega2\libgcc.a(_clear_bss.o)
                0x0000018e                __do_clear_bss
 *(.init4)
 *(.init5)
 *(.init5)
 *(.init6)
 *(.init6)
 *(.init7)
 *(.init7)
 *(.init8)
 *(.init8)
 *(.init9)
 .init9         0x0000019e        0x4 C:/Program Files/Atmel/Studio/7.0/Packs/atmel/XMEGAD_DFP/1.0.32/gcc/dev/atxmega32d4/avrxmega2/crtatxmega32d4.o
 *(.init9)
 *(.text)
 .text          0x000001a2        0x2 C:/Program Files/Atmel/Studio/7.0/Packs/atmel/XMEGAD_DFP/1.0.32/gcc/dev/atxmega32d4/avrxmega2/crtatxmega32d4.o
                0x000001a2                __vector_38
                0x000001a2                __vector_22
                0x000001a2                __vector_63
                0x000001a2                __vector_28
                0x000001a2                __vector_67
                0x000001a2                __vector_1
                0x000001a2                __vector_32
                0x000001a2                __vector_75
                0x000001a2                __vector_71
                0x000001a2                __vector_34
                0x000001a2                __vector_62
                0x000001a2                __vector_77
                0x000001a2                __vector_24
                0x000001a2                __vector_12
                0x000001a2                __vector_55
                0x000001a2                __vector_69
                0x000001a2                __vector_81
                0x000001a2                __vector_90
                0x000001a2                __vector_46
                0x000001a2                __bad_interrupt
                0x000001a2                __vector_72
                0x000001a2                __vector_6
                0x000001a2                __vector_31
                0x000001a2                __vector_35
                0x000001a2                __vector_78
                0x000001a2                __vector_74
                0x000001a2                __vector_39
                0x000001a2                __vector_3
                0x000001a2                __vector_23
                0x000001a2                __vector_68
                0x000001a2                __vector_30
                0x000001a2                __vector_73
                0x000001a2                __vector_45
                0x000001a2                __vector_25
                0x000001a2                __vector_61
                0x000001a2                __vector_54
                0x000001a2                __vector_13
                0x000001a2                __vector_17
                0x000001a2                __vector_19
                0x000001a2                __vector_56
                0x000001a2                __vector_7
                0x000001a2                __vector_49
                0x000001a2                __vector_41
                0x000001a2                __vector_86
                0x000001a2                __vector_64
                0x000001a2                __vector_88
                0x000001a2                __vector_43
                0x000001a2                __vector_27
                0x000001a2                __vector_5
                0x000001a2                __vector_33
                0x000001a2                __vector_76
                0x000001a2                __vector_47
                0x000001a2                __vector_52
                0x000001a2                __vector_37
                0x000001a2                __vector_89
                0x000001a2                __vector_4
                0x000001a2                __vector_44
                0x000001a2                __vector_82
                0x000001a2                __vector_51
                0x000001a2                __vector_9
                0x000001a2                __vector_2
                0x000001a2                __vector_21
                0x000001a2                __vector_15
                0x000001a2                __vector_66
                0x000001a2                __vector_36
                0x000001a2                __vector_79
                0x000001a2                __vector_58
                0x000001a2                __vector_70
                0x000001a2                __vector_83
                0x000001a2                __vector_29
                0x000001a2                __vector_60
                0x000001a2                __vector_40
                0x000001a2                __vector_85
                0x000001a2                __vector_8
                0x000001a2                __vector_26
                0x000001a2                __vector_48
                0x000001a2                __vector_80
                0x000001a2                __vector_14
                0x000001a2                __vector_84
                0x000001a2                __vector_57
                0x000001a2                __vector_53
                0x000001a2                __vector_50
                0x000001a2                __vector_16
                0x000001a2                __vector_59
                0x000001a2                __vector_18
                0x000001a2                __vector_20
                0x000001a2                __vector_42
                0x000001a2                __vector_87
                0x000001a2                __vector_65
                0x000001a4                . = ALIGN (0x2)
 *(.text.*)
 .text.adc_init
                0x000001a4       0x36 adc.o
                0x000001a4                adc_init
 .text.BH1750_read
                0x000001da      0x136 BH1750.o
                0x000001da                BH1750_read
 .text.power_up
                0x00000310       0x14 BH1750.o
 .text.send_address
                0x00000324       0x6c i2c.o
 .text.send_stop_condition
                0x00000390       0x1a i2c.o
 .text.send_nack_and_stop
                0x000003aa       0x1a i2c.o
 .text.send_byte
                0x000003c4       0x5a i2c.o
 .text.send_ack
                0x0000041e       0x1a i2c.o
 .text.read_byte
                0x00000438       0x7e i2c.o
 .text.i2c_init
                0x000004b6       0x56 i2c.o
                0x000004b6                i2c_init
 .text.i2c_enable
                0x0000050c       0x16 i2c.o
                0x0000050c                i2c_enable
 .text.i2c_disable
                0x00000522       0x16 i2c.o
                0x00000522                i2c_disable
 .text.i2c_send_oppcode
                0x00000538       0x46 i2c.o
                0x00000538                i2c_send_oppcode
 .text.i2c_read
                0x0000057e       0xc6 i2c.o
                0x0000057e                i2c_read
 .text.main     0x00000644       0xfc main.o
                0x00000644                main
 .text.cpu_irq_save
                0x00000740       0x20 src/ASF/common/services/clock/xmega/sysclk.o
 .text.cpu_irq_restore
                0x00000760       0x20 src/ASF/common/services/clock/xmega/sysclk.o
 .text.osc_disable
                0x00000780       0x38 src/ASF/common/services/clock/xmega/sysclk.o
 .text.sysclk_init
                0x000007b8       0x54 src/ASF/common/services/clock/xmega/sysclk.o
                0x000007b8                sysclk_init
 .text.sysclk_enable_module
                0x0000080c       0x4a src/ASF/common/services/clock/xmega/sysclk.o
                0x0000080c                sysclk_enable_module
 .text.sysclk_disable_module
                0x00000856       0x46 src/ASF/common/services/clock/xmega/sysclk.o
                0x00000856                sysclk_disable_module
 .text.__vector_10
                0x0000089c       0x40 src/ASF/xmega/drivers/rtc/rtc.o
                0x0000089c                __vector_10
 .text.__vector_11
                0x000008dc      0x140 src/ASF/xmega/drivers/rtc/rtc.o
                0x000008dc                __vector_11
 .text.avr-libc.fplib
                0x00000a1c        0x8 c:/program files/atmel/studio/7.0/toolchain/avr8/avr8-gnu-toolchain/bin/../lib/gcc/avr/5.4.0/../../../../avr/lib/avrxmega2\libm.a(cmpsf2.o)
                0x00000a1c                __nesf2
                0x00000a1c                __eqsf2
                0x00000a1c                __cmpsf2
                0x00000a1c                __ltsf2
                0x00000a1c                __lesf2
 .text.avr-libc.fplib
                0x00000a24       0x58 c:/program files/atmel/studio/7.0/toolchain/avr8/avr8-gnu-toolchain/bin/../lib/gcc/avr/5.4.0/../../../../avr/lib/avrxmega2\libm.a(fixunssfsi.o)
                0x00000a24                __fixunssfsi
 .text.avr-libc.fplib
                0x00000a7c       0x48 c:/program files/atmel/studio/7.0/toolchain/avr8/avr8-gnu-toolchain/bin/../lib/gcc/avr/5.4.0/../../../../avr/lib/avrxmega2\libm.a(fp_cmp.o)
                0x00000a7c                __fp_cmp
 .text.avr-libc.fplib
                0x00000ac4       0x44 c:/program files/atmel/studio/7.0/toolchain/avr8/avr8-gnu-toolchain/bin/../lib/gcc/avr/5.4.0/../../../../avr/lib/avrxmega2\libm.a(fp_split3.o)
                0x00000ac4                __fp_split3
                0x00000ad4                __fp_splitA
 .text.avr-libc.fplib
                0x00000b08        0xe c:/program files/atmel/studio/7.0/toolchain/avr8/avr8-gnu-toolchain/bin/../lib/gcc/avr/5.4.0/../../../../avr/lib/avrxmega2\libm.a(fp_zero.o)
                0x00000b08                __fp_zero
                0x00000b0a                __fp_szero
 .text.avr-libc.fplib
                0x00000b16        0x8 c:/program files/atmel/studio/7.0/toolchain/avr8/avr8-gnu-toolchain/bin/../lib/gcc/avr/5.4.0/../../../../avr/lib/avrxmega2\libm.a(gesf2.o)
                0x00000b16                __gesf2
                0x00000b16                __gtsf2
 .text.avr-libc.fplib
                0x00000b1e        0x4 c:/program files/atmel/studio/7.0/toolchain/avr8/avr8-gnu-toolchain/bin/../lib/gcc/avr/5.4.0/../../../../avr/lib/avrxmega2\libm.a(mulsf3.o)
                0x00000b1e                __mulsf3
 .text.avr-libc.fplib
                0x00000b22       0xc2 c:/program files/atmel/studio/7.0/toolchain/avr8/avr8-gnu-toolchain/bin/../lib/gcc/avr/5.4.0/../../../../avr/lib/avrxmega2\libm.a(mulsf3x.o)
                0x00000b36                __mulsf3x
                0x00000b3a                __mulsf3_pse
 .text.avr-libc.fplib
                0x00000be4        0xc c:/program files/atmel/studio/7.0/toolchain/avr8/avr8-gnu-toolchain/bin/../lib/gcc/avr/5.4.0/../../../../avr/lib/avrxmega2\libm.a(fp_inf.o)
                0x00000be4                __fp_inf
 .text.avr-libc.fplib
                0x00000bf0        0x6 c:/program files/atmel/studio/7.0/toolchain/avr8/avr8-gnu-toolchain/bin/../lib/gcc/avr/5.4.0/../../../../avr/lib/avrxmega2\libm.a(fp_nan.o)
                0x00000bf0                __fp_nan
 .text.avr-libc.fplib
                0x00000bf6        0xe c:/program files/atmel/studio/7.0/toolchain/avr8/avr8-gnu-toolchain/bin/../lib/gcc/avr/5.4.0/../../../../avr/lib/avrxmega2\libm.a(fp_pscA.o)
                0x00000bf6                __fp_pscA
 .text.avr-libc.fplib
                0x00000c04        0xe c:/program files/atmel/studio/7.0/toolchain/avr8/avr8-gnu-toolchain/bin/../lib/gcc/avr/5.4.0/../../../../avr/lib/avrxmega2\libm.a(fp_pscB.o)
                0x00000c04                __fp_pscB
 .text.avr-libc.fplib
                0x00000c12       0x22 c:/program files/atmel/studio/7.0/toolchain/avr8/avr8-gnu-toolchain/bin/../lib/gcc/avr/5.4.0/../../../../avr/lib/avrxmega2\libm.a(fp_round.o)
                0x00000c12                __fp_round
                0x00000c34                . = ALIGN (0x2)
 *(.fini9)
 .fini9         0x00000c34        0x0 c:/program files/atmel/studio/7.0/toolchain/avr8/avr8-gnu-toolchain/bin/../lib/gcc/avr/5.4.0/avrxmega2\libgcc.a(_exit.o)
                0x00000c34                _exit
                0x00000c34                exit
 *(.fini9)
 *(.fini8)
 *(.fini8)
 *(.fini7)
 *(.fini7)
 *(.fini6)
 *(.fini6)
 *(.fini5)
 *(.fini5)
 *(.fini4)
 *(.fini4)
 *(.fini3)
 *(.fini3)
 *(.fini2)
 *(.fini2)
 *(.fini1)
 *(.fini1)
 *(.fini0)
 .fini0         0x00000c34        0x4 c:/program files/atmel/studio/7.0/toolchain/avr8/avr8-gnu-toolchain/bin/../lib/gcc/avr/5.4.0/avrxmega2\libgcc.a(_exit.o)
 *(.fini0)
                0x00000c38                _etext = .

.data           0x00802000        0x0 load address 0x00000c38
                0x00802000                PROVIDE (__data_start, .)
 *(.data)
 *(.data*)
 *(.rodata)
 *(.rodata*)
 *(.gnu.linkonce.d*)
                0x00802000                . = ALIGN (0x2)
                0x00802000                _edata = .
                0x00802000                PROVIDE (__data_end, .)

.bss            0x00802000        0x8
                0x00802000                PROVIDE (__bss_start, .)
 *(.bss)
 *(.bss*)
 *(COMMON)
 COMMON         0x00802000        0x8 src/ASF/xmega/drivers/rtc/rtc.o
                0x00802000                rtc_data
                0x00802008                PROVIDE (__bss_end, .)
                0x00000c38                __data_load_start = LOADADDR (.data)
                0x00000c38                __data_load_end = (__data_load_start + SIZEOF (.data))

.noinit         0x00802008        0x0
                [!provide]                PROVIDE (__noinit_start, .)
 *(.noinit*)
                [!provide]                PROVIDE (__noinit_end, .)
                0x00802008                _end = .
                [!provide]                PROVIDE (__heap_start, .)

.eeprom         0x00810000        0x0
 *(.eeprom*)
                0x00810000                __eeprom_end = .

.fuse
 *(.fuse)
 *(.lfuse)
 *(.hfuse)
 *(.efuse)

.lock
 *(.lock*)

.signature
 *(.signature*)

.user_signatures
 *(.user_signatures*)

.stab
 *(.stab)

.stabstr
 *(.stabstr)

.stab.excl
 *(.stab.excl)

.stab.exclstr
 *(.stab.exclstr)

.stab.index
 *(.stab.index)

.stab.indexstr
 *(.stab.indexstr)

.comment        0x00000000       0x30
 *(.comment)
 .comment       0x00000000       0x30 adc.o
                                 0x31 (size before relaxing)
 .comment       0x00000030       0x31 BH1750.o
 .comment       0x00000030       0x31 i2c.o
 .comment       0x00000030       0x31 main.o
 .comment       0x00000030       0x31 src/ASF/common/services/clock/xmega/sysclk.o
 .comment       0x00000030       0x31 src/ASF/xmega/drivers/rtc/rtc.o

.note.gnu.avr.deviceinfo
                0x00000000       0x40
 .note.gnu.avr.deviceinfo
                0x00000000       0x40 C:/Program Files/Atmel/Studio/7.0/Packs/atmel/XMEGAD_DFP/1.0.32/gcc/dev/atxmega32d4/avrxmega2/crtatxmega32d4.o

.note.gnu.build-id
 *(.note.gnu.build-id)

.debug
 *(.debug)

.line
 *(.line)

.debug_srcinfo
 *(.debug_srcinfo)

.debug_sfnames
 *(.debug_sfnames)

.debug_aranges  0x00000000      0x1b0
 *(.debug_aranges)
 .debug_aranges
                0x00000000       0x28 adc.o
 .debug_aranges
                0x00000028       0x28 BH1750.o
 .debug_aranges
                0x00000050       0x88 i2c.o
 .debug_aranges
                0x000000d8       0x20 main.o
 .debug_aranges
                0x000000f8       0x48 src/ASF/common/services/clock/xmega/sysclk.o
 .debug_aranges
                0x00000140       0x70 src/ASF/xmega/drivers/rtc/rtc.o

.debug_pubnames
 *(.debug_pubnames)

.debug_info     0x00000000     0x1adc
 *(.debug_info .gnu.linkonce.wi.*)
 .debug_info    0x00000000      0x5c3 adc.o
 .debug_info    0x000005c3      0x1b7 BH1750.o
 .debug_info    0x0000077a      0x6ec i2c.o
 .debug_info    0x00000e66      0x1d9 main.o
 .debug_info    0x0000103f      0x442 src/ASF/common/services/clock/xmega/sysclk.o
 .debug_info    0x00001481      0x65b src/ASF/xmega/drivers/rtc/rtc.o

.debug_abbrev   0x00000000      0x8b1
 *(.debug_abbrev)
 .debug_abbrev  0x00000000      0x134 adc.o
 .debug_abbrev  0x00000134      0x10f BH1750.o
 .debug_abbrev  0x00000243      0x152 i2c.o
 .debug_abbrev  0x00000395      0x106 main.o
 .debug_abbrev  0x0000049b      0x196 src/ASF/common/services/clock/xmega/sysclk.o
 .debug_abbrev  0x00000631      0x280 src/ASF/xmega/drivers/rtc/rtc.o

.debug_line     0x00000000     0x239b
 *(.debug_line .debug_line.* .debug_line_end)
 .debug_line    0x00000000      0x27c adc.o
 .debug_line    0x0000027c      0x358 BH1750.o
 .debug_line    0x000005d4      0x8b1 i2c.o
 .debug_line    0x00000e85      0x723 main.o
 .debug_line    0x000015a8      0x5d3 src/ASF/common/services/clock/xmega/sysclk.o
 .debug_line    0x00001b7b      0x820 src/ASF/xmega/drivers/rtc/rtc.o

.debug_frame    0x00000000      0x554
 *(.debug_frame)
 .debug_frame   0x00000000       0x54 adc.o
 .debug_frame   0x00000054       0x54 BH1750.o
 .debug_frame   0x000000a8      0x1d4 i2c.o
 .debug_frame   0x0000027c       0x34 main.o
 .debug_frame   0x000002b0       0xd4 src/ASF/common/services/clock/xmega/sysclk.o
 .debug_frame   0x00000384      0x1d0 src/ASF/xmega/drivers/rtc/rtc.o

.debug_str      0x00000000    0x21d2b
 *(.debug_str)
 .debug_str     0x00000000    0x10f72 adc.o
                              0x111fe (size before relaxing)
 .debug_str     0x00010f72      0x736 BH1750.o
                              0x11579 (size before relaxing)
 .debug_str     0x000116a8     0xfbbe i2c.o
                              0x20e83 (size before relaxing)
 .debug_str     0x00021266      0x54f main.o
                              0x211b6 (size before relaxing)
 .debug_str     0x000217b5      0x190 src/ASF/common/services/clock/xmega/sysclk.o
                              0x20bde (size before relaxing)
 .debug_str     0x00021945      0x3e6 src/ASF/xmega/drivers/rtc/rtc.o
                              0x2118f (size before relaxing)

.debug_loc      0x00000000      0xa75
 *(.debug_loc)
 .debug_loc     0x00000000       0x83 adc.o
 .debug_loc     0x00000083       0x82 BH1750.o
 .debug_loc     0x00000105      0x3a0 i2c.o
 .debug_loc     0x000004a5       0x47 main.o
 .debug_loc     0x000004ec      0x1b0 src/ASF/common/services/clock/xmega/sysclk.o
 .debug_loc     0x0000069c      0x3d9 src/ASF/xmega/drivers/rtc/rtc.o

.debug_macinfo
 *(.debug_macinfo)

.debug_weaknames
 *(.debug_weaknames)

.debug_funcnames
 *(.debug_funcnames)

.debug_typenames
 *(.debug_typenames)

.debug_varnames
 *(.debug_varnames)

.debug_pubtypes
 *(.debug_pubtypes)

.debug_ranges   0x00000000      0x150
 *(.debug_ranges)
 .debug_ranges  0x00000000       0x18 adc.o
 .debug_ranges  0x00000018       0x18 BH1750.o
 .debug_ranges  0x00000030       0x78 i2c.o
 .debug_ranges  0x000000a8       0x10 main.o
 .debug_ranges  0x000000b8       0x38 src/ASF/common/services/clock/xmega/sysclk.o
 .debug_ranges  0x000000f0       0x60 src/ASF/xmega/drivers/rtc/rtc.o

.debug_macro    0x00000000     0x625a
 *(.debug_macro)
 .debug_macro   0x00000000       0x9b adc.o
 .debug_macro   0x0000009b      0xa5a adc.o
 .debug_macro   0x00000af5       0x10 adc.o
 .debug_macro   0x00000b05      0x1c9 adc.o
 .debug_macro   0x00000cce      0x2fc adc.o
 .debug_macro   0x00000fca       0x9e adc.o
 .debug_macro   0x00001068     0x3c48 adc.o
 .debug_macro   0x00004cb0       0x9a adc.o
 .debug_macro   0x00004d4a       0xf1 adc.o
 .debug_macro   0x00004e3b       0x34 adc.o
 .debug_macro   0x00004e6f       0x16 adc.o
 .debug_macro   0x00004e85       0x18 adc.o
 .debug_macro   0x00004e9d       0x5e adc.o
 .debug_macro   0x00004efb       0xd9 BH1750.o
 .debug_macro   0x00004fd4       0x22 BH1750.o
 .debug_macro   0x00004ff6      0x16d BH1750.o
 .debug_macro   0x00005163       0x10 BH1750.o
 .debug_macro   0x00005173      0x166 BH1750.o
 .debug_macro   0x000052d9      0x20f i2c.o
 .debug_macro   0x000054e8      0x302 i2c.o
 .debug_macro   0x000057ea      0x299 main.o
 .debug_macro   0x00005a83       0x60 main.o
 .debug_macro   0x00005ae3       0x34 main.o
 .debug_macro   0x00005b17      0x2c6 main.o
 .debug_macro   0x00005ddd       0x1c main.o
 .debug_macro   0x00005df9       0x42 main.o
 .debug_macro   0x00005e3b       0x10 main.o
 .debug_macro   0x00005e4b      0x1dd src/ASF/common/services/clock/xmega/sysclk.o
 .debug_macro   0x00006028      0x232 src/ASF/xmega/drivers/rtc/rtc.o
OUTPUT(WRL_Sensorknoten.elf elf32-avr)
LOAD linker stubs
