Archive member included to satisfy reference by file (symbol)

c:/program files/atmel/studio/7.0/toolchain/avr8/avr8-gnu-toolchain/bin/../lib/gcc/avr/5.4.0/../../../../avr/lib/avrxmega2\libm.a(addsf3.o)
                              src/main.o (__addsf3)
c:/program files/atmel/studio/7.0/toolchain/avr8/avr8-gnu-toolchain/bin/../lib/gcc/avr/5.4.0/../../../../avr/lib/avrxmega2\libm.a(addsf3x.o)
                              c:/program files/atmel/studio/7.0/toolchain/avr8/avr8-gnu-toolchain/bin/../lib/gcc/avr/5.4.0/../../../../avr/lib/avrxmega2\libm.a(addsf3.o) (__addsf3x)
c:/program files/atmel/studio/7.0/toolchain/avr8/avr8-gnu-toolchain/bin/../lib/gcc/avr/5.4.0/../../../../avr/lib/avrxmega2\libm.a(cmpsf2.o)
                              src/RF.o (__ltsf2)
c:/program files/atmel/studio/7.0/toolchain/avr8/avr8-gnu-toolchain/bin/../lib/gcc/avr/5.4.0/../../../../avr/lib/avrxmega2\libm.a(fixunssfsi.o)
                              src/RF.o (__fixunssfsi)
c:/program files/atmel/studio/7.0/toolchain/avr8/avr8-gnu-toolchain/bin/../lib/gcc/avr/5.4.0/../../../../avr/lib/avrxmega2\libm.a(floatsisf.o)
                              src/main.o (__floatunsisf)
c:/program files/atmel/studio/7.0/toolchain/avr8/avr8-gnu-toolchain/bin/../lib/gcc/avr/5.4.0/../../../../avr/lib/avrxmega2\libm.a(fp_cmp.o)
                              c:/program files/atmel/studio/7.0/toolchain/avr8/avr8-gnu-toolchain/bin/../lib/gcc/avr/5.4.0/../../../../avr/lib/avrxmega2\libm.a(cmpsf2.o) (__fp_cmp)
c:/program files/atmel/studio/7.0/toolchain/avr8/avr8-gnu-toolchain/bin/../lib/gcc/avr/5.4.0/../../../../avr/lib/avrxmega2\libm.a(fp_inf.o)
                              c:/program files/atmel/studio/7.0/toolchain/avr8/avr8-gnu-toolchain/bin/../lib/gcc/avr/5.4.0/../../../../avr/lib/avrxmega2\libm.a(addsf3x.o) (__fp_inf)
c:/program files/atmel/studio/7.0/toolchain/avr8/avr8-gnu-toolchain/bin/../lib/gcc/avr/5.4.0/../../../../avr/lib/avrxmega2\libm.a(fp_nan.o)
                              c:/program files/atmel/studio/7.0/toolchain/avr8/avr8-gnu-toolchain/bin/../lib/gcc/avr/5.4.0/../../../../avr/lib/avrxmega2\libm.a(addsf3x.o) (__fp_nan)
c:/program files/atmel/studio/7.0/toolchain/avr8/avr8-gnu-toolchain/bin/../lib/gcc/avr/5.4.0/../../../../avr/lib/avrxmega2\libm.a(fp_pscA.o)
                              c:/program files/atmel/studio/7.0/toolchain/avr8/avr8-gnu-toolchain/bin/../lib/gcc/avr/5.4.0/../../../../avr/lib/avrxmega2\libm.a(addsf3x.o) (__fp_pscA)
c:/program files/atmel/studio/7.0/toolchain/avr8/avr8-gnu-toolchain/bin/../lib/gcc/avr/5.4.0/../../../../avr/lib/avrxmega2\libm.a(fp_pscB.o)
                              c:/program files/atmel/studio/7.0/toolchain/avr8/avr8-gnu-toolchain/bin/../lib/gcc/avr/5.4.0/../../../../avr/lib/avrxmega2\libm.a(addsf3x.o) (__fp_pscB)
c:/program files/atmel/studio/7.0/toolchain/avr8/avr8-gnu-toolchain/bin/../lib/gcc/avr/5.4.0/../../../../avr/lib/avrxmega2\libm.a(fp_round.o)
                              c:/program files/atmel/studio/7.0/toolchain/avr8/avr8-gnu-toolchain/bin/../lib/gcc/avr/5.4.0/../../../../avr/lib/avrxmega2\libm.a(addsf3.o) (__fp_round)
c:/program files/atmel/studio/7.0/toolchain/avr8/avr8-gnu-toolchain/bin/../lib/gcc/avr/5.4.0/../../../../avr/lib/avrxmega2\libm.a(fp_split3.o)
                              c:/program files/atmel/studio/7.0/toolchain/avr8/avr8-gnu-toolchain/bin/../lib/gcc/avr/5.4.0/../../../../avr/lib/avrxmega2\libm.a(addsf3x.o) (__fp_split3)
c:/program files/atmel/studio/7.0/toolchain/avr8/avr8-gnu-toolchain/bin/../lib/gcc/avr/5.4.0/../../../../avr/lib/avrxmega2\libm.a(fp_zero.o)
                              c:/program files/atmel/studio/7.0/toolchain/avr8/avr8-gnu-toolchain/bin/../lib/gcc/avr/5.4.0/../../../../avr/lib/avrxmega2\libm.a(addsf3x.o) (__fp_zero)
c:/program files/atmel/studio/7.0/toolchain/avr8/avr8-gnu-toolchain/bin/../lib/gcc/avr/5.4.0/../../../../avr/lib/avrxmega2\libm.a(gesf2.o)
                              src/RF.o (__gesf2)
c:/program files/atmel/studio/7.0/toolchain/avr8/avr8-gnu-toolchain/bin/../lib/gcc/avr/5.4.0/../../../../avr/lib/avrxmega2\libm.a(mulsf3.o)
                              src/RF.o (__mulsf3)
c:/program files/atmel/studio/7.0/toolchain/avr8/avr8-gnu-toolchain/bin/../lib/gcc/avr/5.4.0/../../../../avr/lib/avrxmega2\libm.a(mulsf3x.o)
                              c:/program files/atmel/studio/7.0/toolchain/avr8/avr8-gnu-toolchain/bin/../lib/gcc/avr/5.4.0/../../../../avr/lib/avrxmega2\libm.a(mulsf3.o) (__mulsf3x)
c:/program files/atmel/studio/7.0/toolchain/avr8/avr8-gnu-toolchain/bin/../lib/gcc/avr/5.4.0/avrxmega2\libgcc.a(_mulsi3.o)
                              src/Sensoren/BME280.o (__mulsi3)
c:/program files/atmel/studio/7.0/toolchain/avr8/avr8-gnu-toolchain/bin/../lib/gcc/avr/5.4.0/avrxmega2\libgcc.a(_udivmodsi4.o)
                              src/RF.o (__udivmodsi4)
c:/program files/atmel/studio/7.0/toolchain/avr8/avr8-gnu-toolchain/bin/../lib/gcc/avr/5.4.0/avrxmega2\libgcc.a(_divmodsi4.o)
[...]
Memory Configuration

Name             Origin             Length             Attributes
text             0x00000000         0x00100000         xr
data             0x00802000         0x0000ffa0         rw !x
eeprom           0x00810000         0x00010000         rw !x
fuse             0x00820000         0x00000400         rw !x
lock             0x00830000         0x00000400         rw !x
signature        0x00840000         0x00000400         rw !x
user_signatures  0x00850000         0x00000400         rw !x
*default*        0x00000000         0xffffffff

Linker script and memory map

LOAD C:/Program Files/Atmel/Studio/7.0/Packs/atmel/XMEGAD_DFP/1.0.32/gcc/dev/atxmega32d4/avrxmega2/crtatxmega32d4.o
LOAD src/ADC.o
LOAD src/ASF/common/services/sleepmgr/xmega/sleepmgr.o
LOAD src/ASF/xmega/drivers/rtc/rtc.o
LOAD src/FileSys.o
LOAD src/Flash.o
LOAD src/LED.o
LOAD src/RF.o
LOAD src/Sensoren/BH1750.o
LOAD src/Sensoren/BME280.o
LOAD src/Sensoren/Bmp.o
LOAD src/Sensoren/DHT.o
LOAD src/ASF/common/services/clock/xmega/sysclk.o
LOAD src/ASF/xmega/drivers/cpu/ccp.o
LOAD src/ASF/common/boards/user_board/init.o
LOAD src/i2c.o
LOAD src/main.o
START GROUP
LOAD c:/program files/atmel/studio/7.0/toolchain/avr8/avr8-gnu-toolchain/bin/../lib/gcc/avr/5.4.0/../../../../avr/lib/avrxmega2\libm.a
END GROUP
START GROUP
LOAD c:/program files/atmel/studio/7.0/toolchain/avr8/avr8-gnu-toolchain/bin/../lib/gcc/avr/5.4.0/avrxmega2\libgcc.a
LOAD c:/program files/atmel/studio/7.0/toolchain/avr8/avr8-gnu-toolchain/bin/../lib/gcc/avr/5.4.0/../../../../avr/lib/avrxmega2\libm.a
LOAD c:/program files/atmel/studio/7.0/toolchain/avr8/avr8-gnu-toolchain/bin/../lib/gcc/avr/5.4.0/../../../../avr/lib/avrxmega2\libc.a
LOAD C:/Program Files/Atmel/Studio/7.0/Packs/atmel/XMEGAD_DFP/1.0.32/gcc/dev/atxmega32d4/avrxmega2\libatxmega32d4.a
END GROUP
                0x00100000                __TEXT_REGION_LENGTH__ = DEFINED (__TEXT_REGION_LENGTH__)?__TEXT_REGION_LENGTH__:0x100000
                0x0000ffa0                __DATA_REGION_LENGTH__ = DEFINED (__DATA_REGION_LENGTH__)?__DATA_REGION_LENGTH__:0xffa0
                0x00010000                __EEPROM_REGION_LENGTH__ = DEFINED (__EEPROM_REGION_LENGTH__)?__EEPROM_REGION_LENGTH__:0x10000
                0x00000400                __FUSE_REGION_LENGTH__ = DEFINED (__FUSE_REGION_LENGTH__)?__FUSE_REGION_LENGTH__:0x400
                0x00000400                __LOCK_REGION_LENGTH__ = DEFINED (__LOCK_REGION_LENGTH__)?__LOCK_REGION_LENGTH__:0x400
                0x00000400                __SIGNATURE_REGION_LENGTH__ = DEFINED (__SIGNATURE_REGION_LENGTH__)?__SIGNATURE_REGION_LENGTH__:0x400
                0x00000400                __USER_SIGNATURE_REGION_LENGTH__ = DEFINED (__USER_SIGNATURE_REGION_LENGTH__)?__USER_SIGNATURE_REGION_LENGTH__:0x400

.hash
 *(.hash)

.dynsym
 *(.dynsym)

.dynstr
 *(.dynstr)

.gnu.version
 *(.gnu.version)

.gnu.version_d
 *(.gnu.version_d)

.gnu.version_r
 *(.gnu.version_r)

.rel.init
 *(.rel.init)

.rela.init
 *(.rela.init)

.rel.text
 *(.rel.text)
 *(.rel.text.*)
 *(.rel.gnu.linkonce.t*)

.rela.text
 *(.rela.text)
 *(.rela.text.*)
 *(.rela.gnu.linkonce.t*)

.rel.fini
 *(.rel.fini)

.rela.fini
 *(.rela.fini)

.rel.rodata
 *(.rel.rodata)
 *(.rel.rodata.*)
 *(.rel.gnu.linkonce.r*)

.rela.rodata
 *(.rela.rodata)
 *(.rela.rodata.*)
 *(.rela.gnu.linkonce.r*)

.rel.data
 *(.rel.data)
 *(.rel.data.*)
 *(.rel.gnu.linkonce.d*)

.rela.data
 *(.rela.data)
 *(.rela.data.*)
 *(.rela.gnu.linkonce.d*)

.rel.ctors
 *(.rel.ctors)

.rela.ctors
 *(.rela.ctors)

.rel.dtors
 *(.rel.dtors)

.rela.dtors
 *(.rela.dtors)

.rel.got
 *(.rel.got)

.rela.got
 *(.rela.got)

.rel.bss
 *(.rel.bss)

.rela.bss
 *(.rela.bss)

.rel.plt
 *(.rel.plt)

.rela.plt
 *(.rela.plt)

.text           0x00000000     0x2876
 *(.vectors)
 .vectors       0x00000000      0x16c C:/Program Files/Atmel/Studio/7.0/Packs/atmel/XMEGAD_DFP/1.0.32/gcc/dev/atxmega32d4/avrxmega2/crtatxmega32d4.o
                0x00000000                __vector_default
                0x00000000                __vectors
 *(.vectors)
 *(.progmem.gcc*)
 .progmem.gcc_sw_table.ADCA_GetValue
                0x0000016c       0x72 src/ADC.o
                0x000001de                . = ALIGN (0x2)
                0x000001de                __trampolines_start = .
 *(.trampolines)
 .trampolines   0x000001de        0x0 linker stubs
 *(.trampolines*)
                0x000001de                __trampolines_end = .
 *libprintf_flt.a:*(.progmem.data)
 *libc.a:*(.progmem.data)
 *(.progmem*)
                0x000001de                . = ALIGN (0x2)
 *(.jumptables)
 *(.jumptables*)
 *(.lowtext)
 *(.lowtext*)
                0x000001de                __ctors_start = .
 *(.ctors)
                0x000001de                __ctors_end = .
                0x000001de                __dtors_start = .
 *(.dtors)
                0x000001de                __dtors_end = .
 SORT(*)(.ctors)
 SORT(*)(.dtors)
 *(.init0)
 .init0         0x000001de        0x0 C:/Program Files/Atmel/Studio/7.0/Packs/atmel/XMEGAD_DFP/1.0.32/gcc/dev/atxmega32d4/avrxmega2/crtatxmega32d4.o
                0x000001de                __init
 *(.init0)
 *(.init1)
 *(.init1)
 *(.init2)
 .init2         0x000001de        0xc C:/Program Files/Atmel/Studio/7.0/Packs/atmel/XMEGAD_DFP/1.0.32/gcc/dev/atxmega32d4/avrxmega2/crtatxmega32d4.o
 *(.init2)
 *(.init3)
 *(.init3)
 *(.init4)
 .init4         0x000001ea       0x16 c:/program files/atmel/studio/7.0/toolchain/avr8/avr8-gnu-toolchain/bin/../lib/gcc/avr/5.4.0/avrxmega2\libgcc.a(_copy_data.o)
                0x000001ea                __do_copy_data
 .init4         0x00000200       0x10 c:/program files/atmel/studio/7.0/toolchain/avr8/avr8-gnu-toolchain/bin/../lib/gcc/avr/5.4.0/avrxmega2\libgcc.a(_clear_bss.o)
                0x00000200                __do_clear_bss
 *(.init4)
 *(.init5)
 *(.init5)
 *(.init6)
 *(.init6)
 *(.init7)
 *(.init7)
 *(.init8)
 *(.init8)
 *(.init9)
 .init9         0x00000210        0x8 C:/Program Files/Atmel/Studio/7.0/Packs/atmel/XMEGAD_DFP/1.0.32/gcc/dev/atxmega32d4/avrxmega2/crtatxmega32d4.o
 *(.init9)
 *(.text)
 .text          0x00000218        0x4 C:/Program Files/Atmel/Studio/7.0/Packs/atmel/XMEGAD_DFP/1.0.32/gcc/dev/atxmega32d4/avrxmega2/crtatxmega32d4.o
                0x00000218                __vector_38
                0x00000218                __vector_22
                0x00000218                __vector_63
                0x00000218                __vector_28
                0x00000218                __vector_67
                0x00000218                __vector_1
                0x00000218                __vector_32
                0x00000218                __vector_75
                0x00000218                __vector_71
                0x00000218                __vector_34
                0x00000218                __vector_62
                0x00000218                __vector_77
                0x00000218                __vector_24
                0x00000218                __vector_12
                0x00000218                __vector_55
                0x00000218                __vector_69
                0x00000218                __vector_81
                0x00000218                __vector_90
                0x00000218                __vector_46
                0x00000218                __bad_interrupt
                0x00000218                __vector_72
                0x00000218                __vector_6
                0x00000218                __vector_31
                0x00000218                __vector_35
                0x00000218                __vector_78
                0x00000218                __vector_74
                0x00000218                __vector_39
                0x00000218                __vector_3
                0x00000218                __vector_23
                0x00000218                __vector_68
                0x00000218                __vector_30
                0x00000218                __vector_73
                0x00000218                __vector_45
                0x00000218                __vector_25
                0x00000218                __vector_61
                0x00000218                __vector_54
                0x00000218                __vector_13
                0x00000218                __vector_17
                0x00000218                __vector_19
                0x00000218                __vector_56
                0x00000218                __vector_7
                0x00000218                __vector_49
                0x00000218                __vector_41
                0x00000218                __vector_86
                0x00000218                __vector_64
                0x00000218                __vector_88
                0x00000218                __vector_27
                0x00000218                __vector_5
                0x00000218                __vector_33
                0x00000218                __vector_76
                0x00000218                __vector_47
                0x00000218                __vector_52
                0x00000218                __vector_37
                0x00000218                __vector_89
                0x00000218                __vector_4
                0x00000218                __vector_44
                0x00000218                __vector_82
                0x00000218                __vector_51
                0x00000218                __vector_9
                0x00000218                __vector_2
                0x00000218                __vector_21
                0x00000218                __vector_15
                0x00000218                __vector_66
                0x00000218                __vector_36
                0x00000218                __vector_79
                0x00000218                __vector_58
                0x00000218                __vector_70
                0x00000218                __vector_83
                0x00000218                __vector_29
                0x00000218                __vector_60
                0x00000218                __vector_40
                0x00000218                __vector_85
                0x00000218                __vector_8
                0x00000218                __vector_26
                0x00000218                __vector_48
                0x00000218                __vector_80
                0x00000218                __vector_14
                0x00000218                __vector_84
                0x00000218                __vector_57
                0x00000218                __vector_53
                0x00000218                __vector_50
                0x00000218                __vector_16
                0x00000218                __vector_59
                0x00000218                __vector_18
                0x00000218                __vector_42
                0x00000218                __vector_87
                0x00000218                __vector_65
                0x0000021c                . = ALIGN (0x2)
 *(.text.*)
 .text.ADC_Init
                0x0000021c       0x1e src/ADC.o
                0x0000021c                ADC_Init
 .text.ADCA_GetValue
                0x0000023a      0x116 src/ADC.o
                0x0000023a                ADCA_GetValue
 .text.rtc_get_time
                0x00000350       0x6c src/ASF/xmega/drivers/rtc/rtc.o
                0x00000350                rtc_get_time
 .text.rtc_set_alarm
                0x000003bc       0x30 src/ASF/xmega/drivers/rtc/rtc.o
                0x000003bc                rtc_set_alarm
 .text.rtc_set_callback
                0x000003ec        0xa src/ASF/xmega/drivers/rtc/rtc.o
                0x000003ec                rtc_set_callback
 .text.rtc_init
                0x000003f6       0x54 src/ASF/xmega/drivers/rtc/rtc.o
                0x000003f6                rtc_init
 .text.__vector_10
                0x0000044a       0x32 src/ASF/xmega/drivers/rtc/rtc.o
                0x0000044a                __vector_10
 .text.__vector_11
                0x0000047c       0xea src/ASF/xmega/drivers/rtc/rtc.o
                0x0000047c                __vector_11
 .text.SPI_putc
                0x00000566       0x10 src/RF.o
 .text.RF_Send_DataHW
                0x00000576       0x20 src/RF.o
 .text.RF_Get_DataHW
                0x00000596       0x24 src/RF.o
 .text.Update_Timer_Init
                0x000005ba       0x22 src/RF.o
 .text.SPI_Init
                0x000005dc       0x3c src/RF.o
 .text.RF_Set_Command
                0x00000618       0x2e src/RF.o
                0x00000618                RF_Set_Command
 .text.RF_Set_Address
                0x00000646        0xa src/RF.o
                0x00000646                RF_Set_Address
 .text.RF_Get_Command
                0x00000650       0x28 src/RF.o
                0x00000650                RF_Get_Command
 .text.RF_Set_State
                0x00000678       0x22 src/RF.o
                0x00000678                RF_Set_State
 .text.RF_Sleep
                0x0000069a       0x40 src/RF.o
                0x0000069a                RF_Sleep
 .text.RF_Wakeup
                0x000006da       0x40 src/RF.o
                0x000006da                RF_Wakeup
 .text.RF_Set_Modem
                0x0000071a       0x2c src/RF.o
                0x0000071a                RF_Set_Modem
 .text.RF_Set_Band
                0x00000746       0x1c src/RF.o
                0x00000746                RF_Set_Band
 .text.RF_Set_Modulation
                0x00000762       0x1c src/RF.o
                0x00000762                RF_Set_Modulation
 .text.RF_Set_FIFOSize
                0x0000077e       0x1c src/RF.o
                0x0000077e                RF_Set_FIFOSize
 .text.RF_Set_Mode
                0x0000079a       0x30 src/RF.o
                0x0000079a                RF_Set_Mode
 .text.RF_Set_PacketConfig
                0x000007ca       0x54 src/RF.o
                0x000007ca                RF_Set_PacketConfig
 .text.RF_Set_ClockOutput
                0x0000081e       0x22 src/RF.o
                0x0000081e                RF_Set_ClockOutput
 .text.RF_Set_Sync
                0x00000840       0x5c src/RF.o
                0x00000840                RF_Set_Sync
 .text.RF_Set_PayloadLenght
                0x0000089c       0x1a src/RF.o
                0x0000089c                RF_Set_PayloadLenght
 .text.RF_Set_FIFOAccess
                0x000008b6       0x1c src/RF.o
                0x000008b6                RF_Set_FIFOAccess
 .text.RF_Set_IRQSources
                0x000008d2       0x54 src/RF.o
                0x000008d2                RF_Set_IRQSources
 .text.RF_VerifyPLLLock
                0x00000926       0x54 src/RF.o
                0x00000926                RF_VerifyPLLLock
 .text.RF_Set_Frequency
                0x0000097a      0x12c src/RF.o
                0x0000097a                RF_Set_Frequency
 .text.RF_Init  0x00000aa6      0x122 src/RF.o
                0x00000aa6                RF_Init
 .text.RF_Send_Packet
                0x00000bc8       0x86 src/RF.o
                0x00000bc8                RF_Send_Packet
 .text.RF_Send_Acknowledgment
                0x00000c4e       0x42 src/RF.o
                0x00000c4e                RF_Send_Acknowledgment
 .text.RF_CreatePacket
                0x00000c90       0x5e src/RF.o
                0x00000c90                RF_CreatePacket
 .text.RF_HandleInterrupt
                0x00000cee      0x12a src/RF.o
                0x00000cee                RF_HandleInterrupt
 .text.RF_Update
                0x00000e18       0xde src/RF.o
                0x00000e18                RF_Update
 .text.BH1750_read
                0x00000ef6       0x6a src/Sensoren/BH1750.o
                0x00000ef6                BH1750_read
 .text.is_busy  0x00000f60       0x30 src/Sensoren/Bmp.o
 .text.BMP_init
                0x00000f90       0xfc src/Sensoren/Bmp.o
                0x00000f90                BMP_init
 .text.BMP_read
                0x0000108c      0x9b8 src/Sensoren/Bmp.o
                0x0000108c                BMP_read
 .text.DHT_init
                0x00001a44        0x8 src/Sensoren/DHT.o
                0x00001a44                DHT_init
 .text.DHT_on   0x00001a4c        0x8 src/Sensoren/DHT.o
                0x00001a4c                DHT_on
 .text.DHT_off  0x00001a54        0x8 src/Sensoren/DHT.o
                0x00001a54                DHT_off
 .text.DHT_read
                0x00001a5c      0x15c src/Sensoren/DHT.o
                0x00001a5c                DHT_read
 .text.sysclk_init
                0x00001bb8       0x26 src/ASF/common/services/clock/xmega/sysclk.o
                0x00001bb8                sysclk_init
 .text.sysclk_enable_module
                0x00001bde       0x2c src/ASF/common/services/clock/xmega/sysclk.o
                0x00001bde                sysclk_enable_module
 .text.sysclk_disable_module
                0x00001c0a       0x2a src/ASF/common/services/clock/xmega/sysclk.o
                0x00001c0a                sysclk_disable_module
 .text.send_address
                0x00001c34       0x26 src/i2c.o
 .text.send_byte
                0x00001c5a       0x22 src/i2c.o
 .text.read_byte
                0x00001c7c       0x36 src/i2c.o
 .text.i2c_enable
                0x00001cb2        0xa src/i2c.o
                0x00001cb2                i2c_enable
 .text.i2c_disable
                0x00001cbc        0xa src/i2c.o
                0x00001cbc                i2c_disable
 .text.i2c_init
                0x00001cc6       0x2a src/i2c.o
                0x00001cc6                i2c_init
 .text.i2c_send_oppcode
                0x00001cf0       0x32 src/i2c.o
                0x00001cf0                i2c_send_oppcode
 .text.i2c_write_byte
                0x00001d22       0x4a src/i2c.o
                0x00001d22                i2c_write_byte
 .text.i2c_read_byte
                0x00001d6c       0x68 src/i2c.o
                0x00001d6c                i2c_read_byte
 .text.i2c_read
                0x00001dd4       0xb8 src/i2c.o
                0x00001dd4                i2c_read
 .text.alarm    0x00001e8c      0x13a src/main.o
 .text.__vector_43
                0x00001fc6       0x48 src/main.o
                0x00001fc6                __vector_43
 .text.__vector_20
                0x0000200e       0x48 src/main.o
                0x0000200e                __vector_20
 .text.main     0x00002056       0xf8 src/main.o
                0x00002056                main
 .text.avr-libc.fplib
                0x0000214e        0xe c:/program files/atmel/studio/7.0/toolchain/avr8/avr8-gnu-toolchain/bin/../lib/gcc/avr/5.4.0/../../../../avr/lib/avrxmega2\libm.a(addsf3.o)
                0x0000214e                __subsf3
                0x00002150                __addsf3
 .text.avr-libc.fplib
                0x0000215c       0xcc c:/program files/atmel/studio/7.0/toolchain/avr8/avr8-gnu-toolchain/bin/../lib/gcc/avr/5.4.0/../../../../avr/lib/avrxmega2\libm.a(addsf3x.o)
                0x0000217e                __addsf3x
 .text.avr-libc.fplib
                0x00002228        0xa c:/program files/atmel/studio/7.0/toolchain/avr8/avr8-gnu-toolchain/bin/../lib/gcc/avr/5.4.0/../../../../avr/lib/avrxmega2\libm.a(cmpsf2.o)
                0x00002228                __nesf2
                0x00002228                __eqsf2
                0x00002228                __cmpsf2
                0x00002228                __ltsf2
                0x00002228                __lesf2
 .text.avr-libc.fplib
                0x00002232       0x5e c:/program files/atmel/studio/7.0/toolchain/avr8/avr8-gnu-toolchain/bin/../lib/gcc/avr/5.4.0/../../../../avr/lib/avrxmega2\libm.a(fixunssfsi.o)
                0x00002232                __fixunssfsi
 .text.avr-libc.fplib
                0x00002290       0x7a c:/program files/atmel/studio/7.0/toolchain/avr8/avr8-gnu-toolchain/bin/../lib/gcc/avr/5.4.0/../../../../avr/lib/avrxmega2\libm.a(floatsisf.o)
                0x00002290                __floatunsisf
                0x00002294                __floatsisf
 .text.avr-libc.fplib
                0x0000230a       0x48 c:/program files/atmel/studio/7.0/toolchain/avr8/avr8-gnu-toolchain/bin/../lib/gcc/avr/5.4.0/../../../../avr/lib/avrxmega2\libm.a(fp_cmp.o)
                0x0000230a                __fp_cmp
 .text.avr-libc.fplib
                0x00002352        0xc c:/program files/atmel/studio/7.0/toolchain/avr8/avr8-gnu-toolchain/bin/../lib/gcc/avr/5.4.0/../../../../avr/lib/avrxmega2\libm.a(fp_inf.o)
                0x00002352                __fp_inf
 .text.avr-libc.fplib
                0x0000235e        0x6 c:/program files/atmel/studio/7.0/toolchain/avr8/avr8-gnu-toolchain/bin/../lib/gcc/avr/5.4.0/../../../../avr/lib/avrxmega2\libm.a(fp_nan.o)
                0x0000235e                __fp_nan
 .text.avr-libc.fplib
                0x00002364        0xe c:/program files/atmel/studio/7.0/toolchain/avr8/avr8-gnu-toolchain/bin/../lib/gcc/avr/5.4.0/../../../../avr/lib/avrxmega2\libm.a(fp_pscA.o)
                0x00002364                __fp_pscA
 .text.avr-libc.fplib
                0x00002372        0xe c:/program files/atmel/studio/7.0/toolchain/avr8/avr8-gnu-toolchain/bin/../lib/gcc/avr/5.4.0/../../../../avr/lib/avrxmega2\libm.a(fp_pscB.o)
                0x00002372                __fp_pscB
 .text.avr-libc.fplib
                0x00002380       0x22 c:/program files/atmel/studio/7.0/toolchain/avr8/avr8-gnu-toolchain/bin/../lib/gcc/avr/5.4.0/../../../../avr/lib/avrxmega2\libm.a(fp_round.o)
                0x00002380                __fp_round
 .text.avr-libc.fplib
                0x000023a2       0x44 c:/program files/atmel/studio/7.0/toolchain/avr8/avr8-gnu-toolchain/bin/../lib/gcc/avr/5.4.0/../../../../avr/lib/avrxmega2\libm.a(fp_split3.o)
                0x000023a2                __fp_split3
                0x000023b2                __fp_splitA
 .text.avr-libc.fplib
                0x000023e6        0xe c:/program files/atmel/studio/7.0/toolchain/avr8/avr8-gnu-toolchain/bin/../lib/gcc/avr/5.4.0/../../../../avr/lib/avrxmega2\libm.a(fp_zero.o)
                0x000023e6                __fp_zero
                0x000023e8                __fp_szero
 .text.avr-libc.fplib
                0x000023f4        0xa c:/program files/atmel/studio/7.0/toolchain/avr8/avr8-gnu-toolchain/bin/../lib/gcc/avr/5.4.0/../../../../avr/lib/avrxmega2\libm.a(gesf2.o)
                0x000023f4                __gesf2
                0x000023f4                __gtsf2
 .text.avr-libc.fplib
                0x000023fe        0x8 c:/program files/atmel/studio/7.0/toolchain/avr8/avr8-gnu-toolchain/bin/../lib/gcc/avr/5.4.0/../../../../avr/lib/avrxmega2\libm.a(mulsf3.o)
                0x000023fe                __mulsf3
 .text.avr-libc.fplib
                0x00002406       0xd2 c:/program files/atmel/studio/7.0/toolchain/avr8/avr8-gnu-toolchain/bin/../lib/gcc/avr/5.4.0/../../../../avr/lib/avrxmega2\libm.a(mulsf3x.o)
                0x00002424                __mulsf3x
                0x0000242a                __mulsf3_pse
 .text.libgcc.div
                0x000024d8       0x44 c:/program files/atmel/studio/7.0/toolchain/avr8/avr8-gnu-toolchain/bin/../lib/gcc/avr/5.4.0/avrxmega2\libgcc.a(_udivmodsi4.o)
                0x000024d8                __udivmodsi4
 .text.libgcc   0x0000251c        0xc c:/program files/atmel/studio/7.0/toolchain/avr8/avr8-gnu-toolchain/bin/../lib/gcc/avr/5.4.0/avrxmega2\libgcc.a(_tablejump2.o)
                0x0000251c                __tablejump2__
 .text.libgcc.mul
                0x00002528       0x1e c:/program files/atmel/studio/7.0/toolchain/avr8/avr8-gnu-toolchain/bin/../lib/gcc/avr/5.4.0/avrxmega2\libgcc.a(_umulhisi3.o)
                0x00002528                __umulhisi3
 .text.libgcc.mul
                0x00002546       0x16 c:/program files/atmel/studio/7.0/toolchain/avr8/avr8-gnu-toolchain/bin/../lib/gcc/avr/5.4.0/avrxmega2\libgcc.a(_muluhisi3.o)
                0x00002546                __muluhisi3
 .text.libgcc.mul
                0x0000255c       0xa0 c:/program files/atmel/studio/7.0/toolchain/avr8/avr8-gnu-toolchain/bin/../lib/gcc/avr/5.4.0/avrxmega2\libgcc.a(_muldi3.o)
                0x0000255c                __muldi3
 .text.libgcc.mul
                0x000025fc       0x12 c:/program files/atmel/studio/7.0/toolchain/avr8/avr8-gnu-toolchain/bin/../lib/gcc/avr/5.4.0/avrxmega2\libgcc.a(_muldi3_6.o)
                0x000025fc                __muldi3_6
 .text.libgcc.div
                0x0000260e       0x62 c:/program files/atmel/studio/7.0/toolchain/avr8/avr8-gnu-toolchain/bin/../lib/gcc/avr/5.4.0/avrxmega2\libgcc.a(_divdi3.o)
                0x0000260e                __moddi3
                0x00002612                __divdi3
                0x00002614                __divdi3_moddi3
 .text.libgcc.div
                0x00002670       0x1c c:/program files/atmel/studio/7.0/toolchain/avr8/avr8-gnu-toolchain/bin/../lib/gcc/avr/5.4.0/avrxmega2\libgcc.a(_udivdi3.o)
                0x00002670                __umoddi3
                0x00002674                __udivdi3
                0x00002676                __udivdi3_umoddi3
 .text.libgcc.div
                0x0000268c       0xa2 c:/program files/atmel/studio/7.0/toolchain/avr8/avr8-gnu-toolchain/bin/../lib/gcc/avr/5.4.0/avrxmega2\libgcc.a(_udivmod64.o)
                0x0000268c                __udivmod64
 .text.libgcc   0x0000272e       0x20 c:/program files/atmel/studio/7.0/toolchain/avr8/avr8-gnu-toolchain/bin/../lib/gcc/avr/5.4.0/avrxmega2\libgcc.a(_negdi2.o)
                0x0000272e                __negdi2
 .text.libgcc.prologue
                0x0000274e       0x32 c:/program files/atmel/studio/7.0/toolchain/avr8/avr8-gnu-toolchain/bin/../lib/gcc/avr/5.4.0/avrxmega2\libgcc.a(_prologue.o)
                0x0000274e                __prologue_saves__
 .text.libgcc.prologue
                0x00002780       0x30 c:/program files/atmel/studio/7.0/toolchain/avr8/avr8-gnu-toolchain/bin/../lib/gcc/avr/5.4.0/avrxmega2\libgcc.a(_epilogue.o)
                0x00002780                __epilogue_restores__
 .text.libgcc.builtins
                0x000027b0       0x32 c:/program files/atmel/studio/7.0/toolchain/avr8/avr8-gnu-toolchain/bin/../lib/gcc/avr/5.4.0/avrxmega2\libgcc.a(_ashldi3.o)
                0x000027b0                __ashldi3
 .text.libgcc.builtins
                0x000027e2       0x3c c:/program files/atmel/studio/7.0/toolchain/avr8/avr8-gnu-toolchain/bin/../lib/gcc/avr/5.4.0/avrxmega2\libgcc.a(_ashrdi3.o)
                0x000027e2                __ashrdi3
                0x000027e6                __lshrdi3
 .text.libgcc   0x0000281e       0x12 c:/program files/atmel/studio/7.0/toolchain/avr8/avr8-gnu-toolchain/bin/../lib/gcc/avr/5.4.0/avrxmega2\libgcc.a(_adddi3.o)
                0x0000281e                __adddi3
 .text.libgcc   0x00002830       0x18 c:/program files/atmel/studio/7.0/toolchain/avr8/avr8-gnu-toolchain/bin/../lib/gcc/avr/5.4.0/avrxmega2\libgcc.a(_adddi3_s8.o)
                0x00002830                __adddi3_s8
 .text.libgcc   0x00002848       0x12 c:/program files/atmel/studio/7.0/toolchain/avr8/avr8-gnu-toolchain/bin/../lib/gcc/avr/5.4.0/avrxmega2\libgcc.a(_subdi3.o)
                0x00002848                __subdi3
 .text.libgcc   0x0000285a       0x18 c:/program files/atmel/studio/7.0/toolchain/avr8/avr8-gnu-toolchain/bin/../lib/gcc/avr/5.4.0/avrxmega2\libgcc.a(_cmpdi2_s8.o)
                0x0000285a                __cmpdi2_s8
                0x00002872                . = ALIGN (0x2)
 *(.fini9)
 .fini9         0x00002872        0x0 c:/program files/atmel/studio/7.0/toolchain/avr8/avr8-gnu-toolchain/bin/../lib/gcc/avr/5.4.0/avrxmega2\libgcc.a(_exit.o)
                0x00002872                _exit
                0x00002872                exit
 *(.fini9)
 *(.fini8)
 *(.fini8)
 *(.fini7)
 *(.fini7)
 *(.fini6)
 *(.fini6)
 *(.fini5)
 *(.fini5)
 *(.fini4)
 *(.fini4)
 *(.fini3)
 *(.fini3)
 *(.fini2)
 *(.fini2)
 *(.fini1)
 *(.fini1)
 *(.fini0)
 .fini0         0x00002872        0x4 c:/program files/atmel/studio/7.0/toolchain/avr8/avr8-gnu-toolchain/bin/../lib/gcc/avr/5.4.0/avrxmega2\libgcc.a(_exit.o)
 *(.fini0)
                0x00002876                _etext = .

.data           0x00802000        0x6 load address 0x00002876
                0x00802000                PROVIDE (__data_start, .)
 *(.data)
 *(.data*)
 .data.sleepmgr_configs
                0x00802000        0x6 src/ASF/common/services/sleepmgr/xmega/sleepmgr.o
                0x00802000                sleepmgr_configs
 *(.rodata)
 *(.rodata*)
 *(.gnu.linkonce.d*)
                0x00802006                . = ALIGN (0x2)
                0x00802006                _edata = .
                0x00802006                PROVIDE (__data_end, .)

.bss            0x00802006       0x8b
                0x00802006                PROVIDE (__bss_start, .)
 *(.bss)
 *(.bss*)
 *(COMMON)
 COMMON         0x00802006        0x6 src/ASF/common/services/sleepmgr/xmega/sleepmgr.o
                0x00802006                sleepmgr_locks
 COMMON         0x0080200c        0x8 src/ASF/xmega/drivers/rtc/rtc.o
                0x0080200c                rtc_data
 COMMON         0x00802014       0x55 src/RF.o
                0x00802014                RF_CurrentConfig
                0x00802015                RF_LastReceivedPacket
                0x0080203a                RF_CurrentPacket
                0x0080205f                RF_CurrentStatus
 COMMON         0x00802069       0x16 src/Sensoren/Bmp.o
                0x00802069                calibrationData
 COMMON         0x0080207f       0x12 src/main.o
                0x0080207f                power
                0x00802083                val
                0x00802084                data
                0x00802090                RF_Stuck
                0x00802091                PROVIDE (__bss_end, .)
                0x00002876                __data_load_start = LOADADDR (.data)
                0x0000287c                __data_load_end = (__data_load_start + SIZEOF (.data))

.noinit         0x00802091        0x0
                [!provide]                PROVIDE (__noinit_start, .)
 *(.noinit*)
                [!provide]                PROVIDE (__noinit_end, .)
                0x00802091                _end = .
                [!provide]                PROVIDE (__heap_start, .)

.eeprom         0x00810000        0x0
 *(.eeprom*)
                0x00810000                __eeprom_end = .

.fuse
 *(.fuse)
 *(.lfuse)
 *(.hfuse)
 *(.efuse)

.lock
 *(.lock*)

.signature
 *(.signature*)

.user_signatures
 *(.user_signatures*)

.stab
 *(.stab)

.stabstr
 *(.stabstr)

.stab.excl
 *(.stab.excl)

.stab.exclstr
 *(.stab.exclstr)

.stab.index
 *(.stab.index)

.stab.indexstr
 *(.stab.indexstr)

.comment        0x00000000       0x30
 *(.comment)
 .comment       0x00000000       0x30 src/ADC.o
                                 0x31 (size before relaxing)
 .comment       0x00000030       0x31 src/ASF/common/services/sleepmgr/xmega/sleepmgr.o
 .comment       0x00000030       0x31 src/ASF/xmega/drivers/rtc/rtc.o
 .comment       0x00000030       0x31 src/RF.o
 .comment       0x00000030       0x31 src/Sensoren/BH1750.o
 .comment       0x00000030       0x31 src/Sensoren/Bmp.o
 .comment       0x00000030       0x31 src/Sensoren/DHT.o
 .comment       0x00000030       0x31 src/ASF/common/services/clock/xmega/sysclk.o
 .comment       0x00000030       0x31 src/i2c.o
 .comment       0x00000030       0x31 src/main.o

.note.gnu.avr.deviceinfo
                0x00000000       0x40
 .note.gnu.avr.deviceinfo
                0x00000000       0x40 C:/Program Files/Atmel/Studio/7.0/Packs/atmel/XMEGAD_DFP/1.0.32/gcc/dev/atxmega32d4/avrxmega2/crtatxmega32d4.o

.note.gnu.build-id
 *(.note.gnu.build-id)

.debug
 *(.debug)

.line
 *(.line)

.debug_srcinfo
 *(.debug_srcinfo)

.debug_sfnames
 *(.debug_sfnames)

.debug_aranges  0x00000000      0x330
 *(.debug_aranges)
 .debug_aranges
                0x00000000       0x28 src/ADC.o
 .debug_aranges
                0x00000028       0x18 src/ASF/common/services/sleepmgr/xmega/sleepmgr.o
 .debug_aranges
                0x00000040       0x58 src/ASF/xmega/drivers/rtc/rtc.o
 .debug_aranges
                0x00000098      0x138 src/RF.o
 .debug_aranges
                0x000001d0       0x20 src/Sensoren/BH1750.o
 .debug_aranges
                0x000001f0       0x30 src/Sensoren/Bmp.o
 .debug_aranges
                0x00000220       0x38 src/Sensoren/DHT.o
 .debug_aranges
                0x00000258       0x30 src/ASF/common/services/clock/xmega/sysclk.o
 .debug_aranges
                0x00000288       0x70 src/i2c.o
 .debug_aranges
                0x000002f8       0x38 src/main.o

.debug_pubnames
 *(.debug_pubnames)

.debug_info     0x00000000     0x5ac5
 *(.debug_info .gnu.linkonce.wi.*)
 .debug_info    0x00000000      0x8b5 src/ADC.o
 .debug_info    0x000008b5      0x128 src/ASF/common/services/sleepmgr/xmega/sleepmgr.o
 .debug_info    0x000009dd      0x714 src/ASF/xmega/drivers/rtc/rtc.o
 .debug_info    0x000010f1     0x2220 src/RF.o
 .debug_info    0x00003311      0x1f9 src/Sensoren/BH1750.o
 .debug_info    0x0000350a      0x405 src/Sensoren/Bmp.o
 .debug_info    0x0000390f      0x495 src/Sensoren/DHT.o
 .debug_info    0x00003da4      0x57e src/ASF/common/services/clock/xmega/sysclk.o
 .debug_info    0x00004322      0x9cd src/i2c.o
 .debug_info    0x00004cef      0xdd6 src/main.o

.debug_abbrev   0x00000000     0x13f1
 *(.debug_abbrev)
 .debug_abbrev  0x00000000      0x194 src/ADC.o
 .debug_abbrev  0x00000194       0x73 src/ASF/common/services/sleepmgr/xmega/sleepmgr.o
 .debug_abbrev  0x00000207      0x2ee src/ASF/xmega/drivers/rtc/rtc.o
 .debug_abbrev  0x000004f5      0x415 src/RF.o
 .debug_abbrev  0x0000090a      0x14f src/Sensoren/BH1750.o
 .debug_abbrev  0x00000a59      0x15e src/Sensoren/Bmp.o
 .debug_abbrev  0x00000bb7      0x1af src/Sensoren/DHT.o
 .debug_abbrev  0x00000d66      0x213 src/ASF/common/services/clock/xmega/sysclk.o
 .debug_abbrev  0x00000f79      0x192 src/i2c.o
 .debug_abbrev  0x0000110b      0x2e6 src/main.o

.debug_line     0x00000000     0x42bc
 *(.debug_line .debug_line.* .debug_line_end)
 .debug_line    0x00000000      0x60d src/ADC.o
 .debug_line    0x0000060d      0x43c src/ASF/common/services/sleepmgr/xmega/sleepmgr.o
 .debug_line    0x00000a49      0x7b1 src/ASF/xmega/drivers/rtc/rtc.o
 .debug_line    0x000011fa     0x1039 src/RF.o
 .debug_line    0x00002233      0x30f src/Sensoren/BH1750.o
 .debug_line    0x00002542      0x395 src/Sensoren/Bmp.o
 .debug_line    0x000028d7      0x409 src/Sensoren/DHT.o
 .debug_line    0x00002ce0      0x552 src/ASF/common/services/clock/xmega/sysclk.o
 .debug_line    0x00003232      0x7c8 src/i2c.o
 .debug_line    0x000039fa      0x8c2 src/main.o

.debug_frame    0x00000000      0x9d0
 *(.debug_frame)
 .debug_frame   0x00000000       0x40 src/ADC.o
 .debug_frame   0x00000040      0x144 src/ASF/xmega/drivers/rtc/rtc.o
 .debug_frame   0x00000184      0x418 src/RF.o
 .debug_frame   0x0000059c       0x40 src/Sensoren/BH1750.o
 .debug_frame   0x000005dc       0xc4 src/Sensoren/Bmp.o
 .debug_frame   0x000006a0       0x78 src/Sensoren/DHT.o
 .debug_frame   0x00000718       0x64 src/ASF/common/services/clock/xmega/sysclk.o
 .debug_frame   0x0000077c      0x140 src/i2c.o
 .debug_frame   0x000008bc      0x114 src/main.o

.debug_str      0x00000000    0x23967
 *(.debug_str)
 .debug_str     0x00000000    0x20b4a src/ADC.o
                              0x20f59 (size before relaxing)
 .debug_str     0x00020b4a      0x3d4 src/ASF/common/services/sleepmgr/xmega/sleepmgr.o
                              0x1fa6e (size before relaxing)
 .debug_str     0x00020f1e      0x3de src/ASF/xmega/drivers/rtc/rtc.o
                              0x21143 (size before relaxing)
 .debug_str     0x000212fc     0x1c22 src/RF.o
                              0x22817 (size before relaxing)
 .debug_str     0x00022f1e       0x6f src/Sensoren/BH1750.o
                              0x11597 (size before relaxing)
 .debug_str     0x00022f8d       0xa9 src/Sensoren/Bmp.o
                              0x111dd (size before relaxing)
 .debug_str     0x00023036       0xa4 src/Sensoren/DHT.o
                              0x113cf (size before relaxing)
 .debug_str     0x000230da      0x1ab src/ASF/common/services/clock/xmega/sysclk.o
                              0x20ce0 (size before relaxing)
 .debug_str     0x00023285      0x38a src/i2c.o
                              0x20ec5 (size before relaxing)
 .debug_str     0x0002360f      0x358 src/main.o
                              0x22157 (size before relaxing)

.debug_loc      0x00000000     0x3118
 *(.debug_loc)
 .debug_loc     0x00000000      0x23c src/ADC.o
 .debug_loc     0x0000023c      0x2dd src/ASF/xmega/drivers/rtc/rtc.o
 .debug_loc     0x00000519     0x1428 src/RF.o
 .debug_loc     0x00001941      0x11f src/Sensoren/BH1750.o
 .debug_loc     0x00001a60      0x82c src/Sensoren/Bmp.o
 .debug_loc     0x0000228c      0x2a6 src/Sensoren/DHT.o
 .debug_loc     0x00002532      0x221 src/ASF/common/services/clock/xmega/sysclk.o
 .debug_loc     0x00002753      0x58b src/i2c.o
 .debug_loc     0x00002cde      0x43a src/main.o

.debug_macinfo
 *(.debug_macinfo)

.debug_weaknames
 *(.debug_weaknames)

.debug_funcnames
 *(.debug_funcnames)

.debug_typenames
 *(.debug_typenames)

.debug_varnames
 *(.debug_varnames)

.debug_pubtypes
 *(.debug_pubtypes)

.debug_ranges   0x00000000      0x2f0
 *(.debug_ranges)
 .debug_ranges  0x00000000       0x18 src/ADC.o
 .debug_ranges  0x00000018       0x48 src/ASF/xmega/drivers/rtc/rtc.o
 .debug_ranges  0x00000060      0x128 src/RF.o
 .debug_ranges  0x00000188       0x10 src/Sensoren/BH1750.o
 .debug_ranges  0x00000198       0x20 src/Sensoren/Bmp.o
 .debug_ranges  0x000001b8       0x28 src/Sensoren/DHT.o
 .debug_ranges  0x000001e0       0x20 src/ASF/common/services/clock/xmega/sysclk.o
 .debug_ranges  0x00000200       0x78 src/i2c.o
 .debug_ranges  0x00000278       0x78 src/main.o

.debug_macro    0x00000000     0x8802
 *(.debug_macro)
 .debug_macro   0x00000000      0x1e2 src/ADC.o
 .debug_macro   0x000001e2      0xa5a src/ADC.o
 .debug_macro   0x00000c3c       0x10 src/ADC.o
 .debug_macro   0x00000c4c      0x1c9 src/ADC.o
 .debug_macro   0x00000e15      0x2fc src/ADC.o
 .debug_macro   0x00001111       0x89 src/ADC.o
 .debug_macro   0x0000119a       0xaa src/ADC.o
 .debug_macro   0x00001244     0x3c48 src/ADC.o
 .debug_macro   0x00004e8c       0x9a src/ADC.o
 .debug_macro   0x00004f26       0xf1 src/ADC.o
 .debug_macro   0x00005017       0x34 src/ADC.o
 .debug_macro   0x0000504b       0x16 src/ADC.o
 .debug_macro   0x00005061       0x18 src/ADC.o
 .debug_macro   0x00005079       0x5e src/ADC.o
 .debug_macro   0x000050d7      0x181 src/ADC.o
 .debug_macro   0x00005258      0x64b src/ADC.o
 .debug_macro   0x000058a3       0x22 src/ADC.o
 .debug_macro   0x000058c5       0x10 src/ADC.o
 .debug_macro   0x000058d5       0x22 src/ADC.o
 .debug_macro   0x000058f7       0xf6 src/ADC.o
 .debug_macro   0x000059ed       0x1c src/ADC.o
 .debug_macro   0x00005a09       0x35 src/ADC.o
 .debug_macro   0x00005a3e       0x5a src/ADC.o
 .debug_macro   0x00005a98       0x97 src/ADC.o
 .debug_macro   0x00005b2f       0x17 src/ADC.o
 .debug_macro   0x00005b46      0x250 src/ADC.o
 .debug_macro   0x00005d96       0x76 src/ADC.o
 .debug_macro   0x00005e0c       0x16 src/ADC.o
 .debug_macro   0x00005e22      0x6e3 src/ADC.o
 .debug_macro   0x00006505       0x46 src/ADC.o
 .debug_macro   0x0000654b       0x69 src/ADC.o
 .debug_macro   0x000065b4       0x32 src/ADC.o
 .debug_macro   0x000065e6       0xe4 src/ADC.o
 .debug_macro   0x000066ca      0x2c0 src/ADC.o
 .debug_macro   0x0000698a       0x68 src/ADC.o
 .debug_macro   0x000069f2       0x2f src/ADC.o
 .debug_macro   0x00006a21      0x13f src/ADC.o
 .debug_macro   0x00006b60      0x1a3 src/ASF/common/services/sleepmgr/xmega/sleepmgr.o
 .debug_macro   0x00006d03       0x10 src/ASF/common/services/sleepmgr/xmega/sleepmgr.o
 .debug_macro   0x00006d13       0x9e src/ASF/common/services/sleepmgr/xmega/sleepmgr.o
 .debug_macro   0x00006db1      0x16d src/ASF/common/services/sleepmgr/xmega/sleepmgr.o
 .debug_macro   0x00006f1e       0x66 src/ASF/common/services/sleepmgr/xmega/sleepmgr.o
 .debug_macro   0x00006f84      0x175 src/ASF/common/services/sleepmgr/xmega/sleepmgr.o
 .debug_macro   0x000070f9       0x40 src/ASF/common/services/sleepmgr/xmega/sleepmgr.o
 .debug_macro   0x00007139       0x10 src/ASF/common/services/sleepmgr/xmega/sleepmgr.o
 .debug_macro   0x00007149       0x42 src/ASF/common/services/sleepmgr/xmega/sleepmgr.o
 .debug_macro   0x0000718b      0x232 src/ASF/xmega/drivers/rtc/rtc.o
 .debug_macro   0x000073bd      0x2c6 src/ASF/xmega/drivers/rtc/rtc.o
 .debug_macro   0x00007683       0x10 src/ASF/xmega/drivers/rtc/rtc.o
 .debug_macro   0x00007693      0x218 src/RF.o
 .debug_macro   0x000078ab       0x10 src/RF.o
 .debug_macro   0x000078bb      0x166 src/RF.o
 .debug_macro   0x00007a21      0x1f0 src/RF.o
 .debug_macro   0x00007c11       0x60 src/RF.o
 .debug_macro   0x00007c71       0x34 src/RF.o
 .debug_macro   0x00007ca5       0xd9 src/Sensoren/BH1750.o
 .debug_macro   0x00007d7e       0xb7 src/Sensoren/Bmp.o
 .debug_macro   0x00007e35       0xe4 src/Sensoren/DHT.o
 .debug_macro   0x00007f19      0x1dd src/ASF/common/services/clock/xmega/sysclk.o
 .debug_macro   0x000080f6      0x20f src/i2c.o
 .debug_macro   0x00008305      0x2c7 src/main.o
 .debug_macro   0x000085cc      0x1f6 src/main.o
 .debug_macro   0x000087c2       0x40 src/main.o
OUTPUT(Messstation.elf elf32-avr)
LOAD linker stubs
